../Drivers/CMSIS/Include/core_cm4.h:1938:34:__NVIC_SystemReset	4	static,ignoring_inline_asm
../Core/Src/main.c:158:13:flash_test	24	static
../Core/Src/main.c:177:13:print_reset_reason	16	static
../Core/Src/main.c:198:5:main	3144	static
../Core/Src/main.c:385:6:SystemClock_Config	88	static
../Core/Src/main.c:428:13:MX_ADC1_Init	24	static
../Core/Src/main.c:480:13:MX_RTC_Init	32	static
../Core/Src/main.c:550:13:MX_SPI1_Init	8	static
../Core/Src/main.c:588:13:MX_USART1_UART_Init	8	static
../Core/Src/main.c:621:13:MX_USART3_UART_Init	8	static
../Core/Src/main.c:654:13:MX_USART6_UART_Init	8	static
../Core/Src/main.c:685:13:MX_DMA_Init	16	static
../Core/Src/main.c:756:13:MX_GPIO_Init	48	static
../Core/Src/main.c:783:13:dbg_dump_dma_chunk	24	static
../Core/Src/main.c:837:6:HAL_UARTEx_RxEventCallback	24	static
../Core/Src/main.c:897:6:StartDefaultTask	24	static
../Core/Src/main.c:987:6:StartTask02	16	static
../Core/Src/main.c:1002:6:Error_Handler	4	static,ignoring_inline_asm
