../Drivers/CMSIS/Include/core_cm4.h:1938:34:__NVIC_SystemReset	4	static,ignoring_inline_asm
../Core/Src/mqtt_handler.c:24:13:trim_crlf	32	static
../Core/Src/mqtt_handler.c:58:6:Prepare_MQTT_Topics	8	static
../Core/Src/mqtt_handler.c:69:9:MQTT_Connect	240	static
../Core/Src/mqtt_handler.c:149:9:MQTT_Subscribe	104	static
../Core/Src/mqtt_handler.c:170:9:MQTT_Publish	144	static
../Core/Src/mqtt_handler.c:192:6:MQTT_Maintain	40	static
../Core/Src/mqtt_handler.c:204:9:mqttPublish	16	static
../Core/Src/mqtt_handler.c:209:6:mqttPublishf	272	static
../Core/Src/mqtt_handler.c:223:12:parse_reported_len	24	static
../Core/Src/mqtt_handler.c:237:12:u2_read_exact	40	static
../Core/Src/mqtt_handler.c:254:7:MQTT_Subscriber_Run	152	static
../Core/Src/mqtt_handler.c:389:13:log_hex	24	static
../Core/Src/mqtt_handler.c:397:6:handle_downlink_cjson	3432	static
