Archive member included to satisfy reference by file (symbol)

/Applications/STM32CubeIDE.app/Contents/Eclipse/plugins/com.st.stm32cube.ide.mcu.externaltools.gnu-tools-for-stm32.13.3.rel1.macos64_1.0.0.202411102158/tools/bin/../lib/gcc/arm-none-eabi/13.3.1/../../../../arm-none-eabi/lib/thumb/v7e-m+fp/hard/libc_nano.a(libc_a-exit.o)
                              /Applications/STM32CubeIDE.app/Contents/Eclipse/plugins/com.st.stm32cube.ide.mcu.externaltools.gnu-tools-for-stm32.13.3.rel1.macos64_1.0.0.202411102158/tools/bin/../lib/gcc/arm-none-eabi/13.3.1/../../../../arm-none-eabi/lib/thumb/v7e-m+fp/hard/crt0.o (exit)
/Applications/STM32CubeIDE.app/Contents/Eclipse/plugins/com.st.stm32cube.ide.mcu.externaltools.gnu-tools-for-stm32.13.3.rel1.macos64_1.0.0.202411102158/tools/bin/../lib/gcc/arm-none-eabi/13.3.1/../../../../arm-none-eabi/lib/thumb/v7e-m+fp/hard/libc_nano.a(libc_a-malloc.o)
                              ./Core/Src/cJSON.o (malloc)
/Applications/STM32CubeIDE.app/Contents/Eclipse/plugins/com.st.stm32cube.ide.mcu.externaltools.gnu-tools-for-stm32.13.3.rel1.macos64_1.0.0.202411102158/tools/bin/../lib/gcc/arm-none-eabi/13.3.1/../../../../arm-none-eabi/lib/thumb/v7e-m+fp/hard/libc_nano.a(libc_a-mallocr.o)
                              /Applications/STM32CubeIDE.app/Contents/Eclipse/plugins/com.st.stm32cube.ide.mcu.externaltools.gnu-tools-for-stm32.13.3.rel1.macos64_1.0.0.202411102158/tools/bin/../lib/gcc/arm-none-eabi/13.3.1/../../../../arm-none-eabi/lib/thumb/v7e-m+fp/hard/libc_nano.a(libc_a-malloc.o) (_malloc_r)
/Applications/STM32CubeIDE.app/Contents/Eclipse/plugins/com.st.stm32cube.ide.mcu.externaltools.gnu-tools-for-stm32.13.3.rel1.macos64_1.0.0.202411102158/tools/bin/../lib/gcc/arm-none-eabi/13.3.1/../../../../arm-none-eabi/lib/thumb/v7e-m+fp/hard/libc_nano.a(libc_a-snprintf.o)
                              ./Core/Src/config_apply.o (snprintf)
/Applications/STM32CubeIDE.app/Contents/Eclipse/plugins/com.st.stm32cube.ide.mcu.externaltools.gnu-tools-for-stm32.13.3.rel1.macos64_1.0.0.202411102158/tools/bin/../lib/gcc/arm-none-eabi/13.3.1/../../../../arm-none-eabi/lib/thumb/v7e-m+fp/hard/libc_nano.a(libc_a-mlock.o)
                              /Applications/STM32CubeIDE.app/Contents/Eclipse/plugins/com.st.stm32cube.ide.mcu.externaltools.gnu-tools-for-stm32.13.3.rel1.macos64_1.0.0.202411102158/tools/bin/../lib/gcc/arm-none-eabi/13.3.1/../../../../arm-none-eabi/lib/thumb/v7e-m+fp/hard/libc_nano.a(libc_a-mallocr.o) (__malloc_lock)
/Applications/STM32CubeIDE.app/Contents/Eclipse/plugins/com.st.stm32cube.ide.mcu.externaltools.gnu-tools-for-stm32.13.3.rel1.macos64_1.0.0.202411102158/tools/bin/../lib/gcc/arm-none-eabi/13.3.1/../../../../arm-none-eabi/lib/thumb/v7e-m+fp/hard/libc_nano.a(libc_a-sprintf.o)
                              ./Core/Src/cJSON.o (sprintf)
/Applications/STM32CubeIDE.app/Contents/Eclipse/plugins/com.st.stm32cube.ide.mcu.externaltools.gnu-tools-for-stm32.13.3.rel1.macos64_1.0.0.202411102158/tools/bin/../lib/gcc/arm-none-eabi/13.3.1/../../../../arm-none-eabi/lib/thumb/v7e-m+fp/hard/libc_nano.a(libc_a-sscanf.o)
                              ./Core/Src/cJSON.o (sscanf)
/Applications/STM32CubeIDE.app/Contents/Eclipse/plugins/com.st.stm32cube.ide.mcu.externaltools.gnu-tools-for-stm32.13.3.rel1.macos64_1.0.0.202411102158/tools/bin/../lib/gcc/arm-none-eabi/13.3.1/../../../../arm-none-eabi/lib/thumb/v7e-m+fp/hard/libc_nano.a(libc_a-stdio.o)
                              /Applications/STM32CubeIDE.app/Contents/Eclipse/plugins/com.st.stm32cube.ide.mcu.externaltools.gnu-tools-for-stm32.13.3.rel1.macos64_1.0.0.202411102158/tools/bin/../lib/gcc/arm-none-eabi/13.3.1/../../../../arm-none-eabi/lib/thumb/v7e-m+fp/hard/libc_nano.a(libc_a-sscanf.o) (__seofread)
/Applications/STM32CubeIDE.app/Contents/Eclipse/plugins/com.st.stm32cube.ide.mcu.externaltools.gnu-tools-for-stm32.13.3.rel1.macos64_1.0.0.202411102158/tools/bin/../lib/gcc/arm-none-eabi/13.3.1/../../../../arm-none-eabi/lib/thumb/v7e-m+fp/hard/libc_nano.a(libc_a-realloc.o)
                              ./Core/Src/cJSON.o (realloc)
/Applications/STM32CubeIDE.app/Contents/Eclipse/plugins/com.st.stm32cube.ide.mcu.externaltools.gnu-tools-for-stm32.13.3.rel1.macos64_1.0.0.202411102158/tools/bin/../lib/gcc/arm-none-eabi/13.3.1/../../../../arm-none-eabi/lib/thumb/v7e-m+fp/hard/libc_nano.a(libc_a-findfp.o)
                              /Applications/STM32CubeIDE.app/Contents/Eclipse/plugins/com.st.stm32cube.ide.mcu.externaltools.gnu-tools-for-stm32.13.3.rel1.macos64_1.0.0.202411102158/tools/bin/../lib/gcc/arm-none-eabi/13.3.1/../../../../arm-none-eabi/lib/thumb/v7e-m+fp/hard/libc_nano.a(libc_a-exit.o) (__stdio_exit_handler)
/Applications/STM32CubeIDE.app/Contents/Eclipse/plugins/com.st.stm32cube.ide.mcu.externaltools.gnu-tools-for-stm32.13.3.rel1.macos64_1.0.0.202411102158/tools/bin/../lib/gcc/arm-none-eabi/13.3.1/../../../../arm-none-eabi/lib/thumb/v7e-m+fp/hard/libc_nano.a(libc_a-vsnprintf.o)
[...]
Memory Configuration

Name             Origin             Length             Attributes
CCMRAM           0x10000000         0x00010000         xrw
RAM              0x20000000         0x00020000         xrw
FLASH            0x08000000         0x00080000         xr
*default*        0x00000000         0xffffffff

Linker script and memory map

LOAD /Applications/STM32CubeIDE.app/Contents/Eclipse/plugins/com.st.stm32cube.ide.mcu.externaltools.gnu-tools-for-stm32.13.3.rel1.macos64_1.0.0.202411102158/tools/bin/../lib/gcc/arm-none-eabi/13.3.1/thumb/v7e-m+fp/hard/crti.o
LOAD /Applications/STM32CubeIDE.app/Contents/Eclipse/plugins/com.st.stm32cube.ide.mcu.externaltools.gnu-tools-for-stm32.13.3.rel1.macos64_1.0.0.202411102158/tools/bin/../lib/gcc/arm-none-eabi/13.3.1/thumb/v7e-m+fp/hard/crtbegin.o
LOAD /Applications/STM32CubeIDE.app/Contents/Eclipse/plugins/com.st.stm32cube.ide.mcu.externaltools.gnu-tools-for-stm32.13.3.rel1.macos64_1.0.0.202411102158/tools/bin/../lib/gcc/arm-none-eabi/13.3.1/../../../../arm-none-eabi/lib/thumb/v7e-m+fp/hard/crt0.o
LOAD ./Core/Src/app_board_io.o
LOAD ./Core/Src/app_modbus_payload.o
LOAD ./Core/Src/cJSON.o
LOAD ./Core/Src/config_apply.o
LOAD ./Core/Src/debug_uart.o
LOAD ./Core/Src/freertos.o
LOAD ./Core/Src/main.o
LOAD ./Core/Src/modbus_config_flash.o
LOAD ./Core/Src/modbus_config_json.o
LOAD ./Core/Src/modbus_crc.o
LOAD ./Core/Src/modbus_rtu.o
LOAD ./Core/Src/modbus_rtu_master.o
LOAD ./Core/Src/modem_handler.o
LOAD ./Core/Src/mqtt_config.o
LOAD ./Core/Src/mqtt_handler.o
LOAD ./Core/Src/pub_queue.o
LOAD ./Core/Src/rs4585.o
LOAD ./Core/Src/rtc_manager.o
LOAD ./Core/Src/sha256.o
LOAD ./Core/Src/stm32f4xx_hal_msp.o
LOAD ./Core/Src/stm32f4xx_it.o
LOAD ./Core/Src/syscalls.o
LOAD ./Core/Src/sysmem.o
LOAD ./Core/Src/system_stm32f4xx.o
LOAD ./Core/Src/uart2_rx_engine.o
LOAD ./Core/Src/w25q16.o
LOAD ./Core/Startup/startup_stm32f407vetx.o
LOAD ./Drivers/STM32F4xx_HAL_Driver/Src/stm32f4xx_hal.o
LOAD ./Drivers/STM32F4xx_HAL_Driver/Src/stm32f4xx_hal_adc.o
LOAD ./Drivers/STM32F4xx_HAL_Driver/Src/stm32f4xx_hal_adc_ex.o
LOAD ./Drivers/STM32F4xx_HAL_Driver/Src/stm32f4xx_hal_cortex.o
LOAD ./Drivers/STM32F4xx_HAL_Driver/Src/stm32f4xx_hal_dma.o
LOAD ./Drivers/STM32F4xx_HAL_Driver/Src/stm32f4xx_hal_dma_ex.o
LOAD ./Drivers/STM32F4xx_HAL_Driver/Src/stm32f4xx_hal_exti.o
LOAD ./Drivers/STM32F4xx_HAL_Driver/Src/stm32f4xx_hal_flash.o
LOAD ./Drivers/STM32F4xx_HAL_Driver/Src/stm32f4xx_hal_flash_ex.o
LOAD ./Drivers/STM32F4xx_HAL_Driver/Src/stm32f4xx_hal_flash_ramfunc.o
LOAD ./Drivers/STM32F4xx_HAL_Driver/Src/stm32f4xx_hal_gpio.o
LOAD ./Drivers/STM32F4xx_HAL_Driver/Src/stm32f4xx_hal_pwr.o
LOAD ./Drivers/STM32F4xx_HAL_Driver/Src/stm32f4xx_hal_pwr_ex.o
LOAD ./Drivers/STM32F4xx_HAL_Driver/Src/stm32f4xx_hal_rcc.o
LOAD ./Drivers/STM32F4xx_HAL_Driver/Src/stm32f4xx_hal_rcc_ex.o
LOAD ./Drivers/STM32F4xx_HAL_Driver/Src/stm32f4xx_hal_rtc.o
LOAD ./Drivers/STM32F4xx_HAL_Driver/Src/stm32f4xx_hal_rtc_ex.o
LOAD ./Drivers/STM32F4xx_HAL_Driver/Src/stm32f4xx_hal_spi.o
LOAD ./Drivers/STM32F4xx_HAL_Driver/Src/stm32f4xx_hal_uart.o
LOAD ./Drivers/STM32F4xx_HAL_Driver/Src/stm32f4xx_ll_adc.o
LOAD ./Middlewares/Third_Party/FreeRTOS/Source/CMSIS_RTOS_V2/cmsis_os2.o
LOAD ./Middlewares/Third_Party/FreeRTOS/Source/croutine.o
LOAD ./Middlewares/Third_Party/FreeRTOS/Source/event_groups.o
LOAD ./Middlewares/Third_Party/FreeRTOS/Source/list.o
LOAD ./Middlewares/Third_Party/FreeRTOS/Source/queue.o
LOAD ./Middlewares/Third_Party/FreeRTOS/Source/stream_buffer.o
LOAD ./Middlewares/Third_Party/FreeRTOS/Source/tasks.o
LOAD ./Middlewares/Third_Party/FreeRTOS/Source/timers.o
LOAD ./Middlewares/Third_Party/FreeRTOS/Source/portable/GCC/ARM_CM4F/port.o
LOAD ./Middlewares/Third_Party/FreeRTOS/Source/portable/MemMang/heap_4.o
START GROUP
LOAD /Applications/STM32CubeIDE.app/Contents/Eclipse/plugins/com.st.stm32cube.ide.mcu.externaltools.gnu-tools-for-stm32.13.3.rel1.macos64_1.0.0.202411102158/tools/bin/../lib/gcc/arm-none-eabi/13.3.1/../../../../arm-none-eabi/lib/thumb/v7e-m+fp/hard/libc_nano.a
LOAD /Applications/STM32CubeIDE.app/Contents/Eclipse/plugins/com.st.stm32cube.ide.mcu.externaltools.gnu-tools-for-stm32.13.3.rel1.macos64_1.0.0.202411102158/tools/bin/../lib/gcc/arm-none-eabi/13.3.1/../../../../arm-none-eabi/lib/thumb/v7e-m+fp/hard/libm.a
END GROUP
START GROUP
LOAD /Applications/STM32CubeIDE.app/Contents/Eclipse/plugins/com.st.stm32cube.ide.mcu.externaltools.gnu-tools-for-stm32.13.3.rel1.macos64_1.0.0.202411102158/tools/bin/../lib/gcc/arm-none-eabi/13.3.1/thumb/v7e-m+fp/hard/libgcc.a
LOAD /Applications/STM32CubeIDE.app/Contents/Eclipse/plugins/com.st.stm32cube.ide.mcu.externaltools.gnu-tools-for-stm32.13.3.rel1.macos64_1.0.0.202411102158/tools/bin/../lib/gcc/arm-none-eabi/13.3.1/../../../../arm-none-eabi/lib/thumb/v7e-m+fp/hard/libc_nano.a
END GROUP
START GROUP
LOAD /Applications/STM32CubeIDE.app/Contents/Eclipse/plugins/com.st.stm32cube.ide.mcu.externaltools.gnu-tools-for-stm32.13.3.rel1.macos64_1.0.0.202411102158/tools/bin/../lib/gcc/arm-none-eabi/13.3.1/thumb/v7e-m+fp/hard/libgcc.a
LOAD /Applications/STM32CubeIDE.app/Contents/Eclipse/plugins/com.st.stm32cube.ide.mcu.externaltools.gnu-tools-for-stm32.13.3.rel1.macos64_1.0.0.202411102158/tools/bin/../lib/gcc/arm-none-eabi/13.3.1/../../../../arm-none-eabi/lib/thumb/v7e-m+fp/hard/libc_nano.a
LOAD /Applications/STM32CubeIDE.app/Contents/Eclipse/plugins/com.st.stm32cube.ide.mcu.externaltools.gnu-tools-for-stm32.13.3.rel1.macos64_1.0.0.202411102158/tools/bin/../lib/gcc/arm-none-eabi/13.3.1/../../../../arm-none-eabi/lib/thumb/v7e-m+fp/hard/libnosys.a
END GROUP
START GROUP
LOAD /Applications/STM32CubeIDE.app/Contents/Eclipse/plugins/com.st.stm32cube.ide.mcu.externaltools.gnu-tools-for-stm32.13.3.rel1.macos64_1.0.0.202411102158/tools/bin/../lib/gcc/arm-none-eabi/13.3.1/thumb/v7e-m+fp/hard/libgcc.a
LOAD /Applications/STM32CubeIDE.app/Contents/Eclipse/plugins/com.st.stm32cube.ide.mcu.externaltools.gnu-tools-for-stm32.13.3.rel1.macos64_1.0.0.202411102158/tools/bin/../lib/gcc/arm-none-eabi/13.3.1/../../../../arm-none-eabi/lib/thumb/v7e-m+fp/hard/libc_nano.a
LOAD /Applications/STM32CubeIDE.app/Contents/Eclipse/plugins/com.st.stm32cube.ide.mcu.externaltools.gnu-tools-for-stm32.13.3.rel1.macos64_1.0.0.202411102158/tools/bin/../lib/gcc/arm-none-eabi/13.3.1/../../../../arm-none-eabi/lib/thumb/v7e-m+fp/hard/libnosys.a
END GROUP
LOAD /Applications/STM32CubeIDE.app/Contents/Eclipse/plugins/com.st.stm32cube.ide.mcu.externaltools.gnu-tools-for-stm32.13.3.rel1.macos64_1.0.0.202411102158/tools/bin/../lib/gcc/arm-none-eabi/13.3.1/thumb/v7e-m+fp/hard/crtend.o
LOAD /Applications/STM32CubeIDE.app/Contents/Eclipse/plugins/com.st.stm32cube.ide.mcu.externaltools.gnu-tools-for-stm32.13.3.rel1.macos64_1.0.0.202411102158/tools/bin/../lib/gcc/arm-none-eabi/13.3.1/thumb/v7e-m+fp/hard/crtn.o
                0x20020000                        _estack = (ORIGIN (RAM) + LENGTH (RAM))
                0x00000200                        _Min_Heap_Size = 0x200
                0x00000400                        _Min_Stack_Size = 0x400

.isr_vector     0x08000000      0x188
                0x08000000                        . = ALIGN (0x4)
 *(.isr_vector)
 .isr_vector    0x08000000      0x188 ./Core/Startup/startup_stm32f407vetx.o
                0x08000000                g_pfnVectors
                0x08000188                        . = ALIGN (0x4)

.text           0x08000190     0xd6bc
                0x08000190                        . = ALIGN (0x4)
 *(.text)
 .text          0x08000190       0x40 /Applications/STM32CubeIDE.app/Contents/Eclipse/plugins/com.st.stm32cube.ide.mcu.externaltools.gnu-tools-for-stm32.13.3.rel1.macos64_1.0.0.202411102158/tools/bin/../lib/gcc/arm-none-eabi/13.3.1/thumb/v7e-m+fp/hard/crtbegin.o
 .text          0x080001d0       0x14 /Applications/STM32CubeIDE.app/Contents/Eclipse/plugins/com.st.stm32cube.ide.mcu.externaltools.gnu-tools-for-stm32.13.3.rel1.macos64_1.0.0.202411102158/tools/bin/../lib/gcc/arm-none-eabi/13.3.1/../../../../arm-none-eabi/lib/thumb/v7e-m+fp/hard/libc_nano.a(libc_a-strcmp.o)
                0x080001d0                strcmp
 .text          0x080001e4       0x10 /Applications/STM32CubeIDE.app/Contents/Eclipse/plugins/com.st.stm32cube.ide.mcu.externaltools.gnu-tools-for-stm32.13.3.rel1.macos64_1.0.0.202411102158/tools/bin/../lib/gcc/arm-none-eabi/13.3.1/../../../../arm-none-eabi/lib/thumb/v7e-m+fp/hard/libc_nano.a(libc_a-strlen.o)
                0x080001e4                strlen
 *fill*         0x080001f4        0xc 
 .text          0x08000200       0xa0 /Applications/STM32CubeIDE.app/Contents/Eclipse/plugins/com.st.stm32cube.ide.mcu.externaltools.gnu-tools-for-stm32.13.3.rel1.macos64_1.0.0.202411102158/tools/bin/../lib/gcc/arm-none-eabi/13.3.1/../../../../arm-none-eabi/lib/thumb/v7e-m+fp/hard/libc_nano.a(libc_a-memchr.o)
                0x08000200                memchr
 .text          0x080002a0      0x378 /Applications/STM32CubeIDE.app/Contents/Eclipse/plugins/com.st.stm32cube.ide.mcu.externaltools.gnu-tools-for-stm32.13.3.rel1.macos64_1.0.0.202411102158/tools/bin/../lib/gcc/arm-none-eabi/13.3.1/thumb/v7e-m+fp/hard/libgcc.a(_arm_addsubdf3.o)
                0x080002a0                __aeabi_drsub
                0x080002a8                __subdf3
                0x080002a8                __aeabi_dsub
                0x080002ac                __aeabi_dadd
                0x080002ac                __adddf3
                0x08000524                __aeabi_ui2d
                0x08000524                __floatunsidf
                0x08000544                __floatsidf
                0x08000544                __aeabi_i2d
                0x08000568                __extendsfdf2
                0x08000568                __aeabi_f2d
                0x080005ac                __aeabi_ul2d
                0x080005ac                __floatundidf
                0x080005bc                __aeabi_l2d
                0x080005bc                __floatdidf
 .text          0x08000618      0x424 /Applications/STM32CubeIDE.app/Contents/Eclipse/plugins/com.st.stm32cube.ide.mcu.externaltools.gnu-tools-for-stm32.13.3.rel1.macos64_1.0.0.202411102158/tools/bin/../lib/gcc/arm-none-eabi/13.3.1/thumb/v7e-m+fp/hard/libgcc.a(_arm_muldivdf3.o)
                0x08000618                __aeabi_dmul
                0x08000618                __muldf3
                0x0800086c                __aeabi_ddiv
                0x0800086c                __divdf3
 .text          0x08000a3c       0x40 /Applications/STM32CubeIDE.app/Contents/Eclipse/plugins/com.st.stm32cube.ide.mcu.externaltools.gnu-tools-for-stm32.13.3.rel1.macos64_1.0.0.202411102158/tools/bin/../lib/gcc/arm-none-eabi/13.3.1/thumb/v7e-m+fp/hard/libgcc.a(_arm_fixunsdfsi.o)
                0x08000a3c                __fixunsdfsi
                0x08000a3c                __aeabi_d2uiz
 .text          0x08000a7c       0x30 /Applications/STM32CubeIDE.app/Contents/Eclipse/plugins/com.st.stm32cube.ide.mcu.externaltools.gnu-tools-for-stm32.13.3.rel1.macos64_1.0.0.202411102158/tools/bin/../lib/gcc/arm-none-eabi/13.3.1/thumb/v7e-m+fp/hard/libgcc.a(_aeabi_uldivmod.o)
                0x08000a7c                __aeabi_uldivmod
 .text          0x08000aac      0x2f8 /Applications/STM32CubeIDE.app/Contents/Eclipse/plugins/com.st.stm32cube.ide.mcu.externaltools.gnu-tools-for-stm32.13.3.rel1.macos64_1.0.0.202411102158/tools/bin/../lib/gcc/arm-none-eabi/13.3.1/thumb/v7e-m+fp/hard/libgcc.a(_udivmoddi4.o)
                0x08000aac                __udivmoddi4
 .text          0x08000da4        0x4 /Applications/STM32CubeIDE.app/Contents/Eclipse/plugins/com.st.stm32cube.ide.mcu.externaltools.gnu-tools-for-stm32.13.3.rel1.macos64_1.0.0.202411102158/tools/bin/../lib/gcc/arm-none-eabi/13.3.1/thumb/v7e-m+fp/hard/libgcc.a(_dvmd_tls.o)
                0x08000da4                __aeabi_ldiv0
                0x08000da4                __aeabi_idiv0
 *(.text*)
 .text.DI_GPIO_Init_User
                0x08000da8       0xec ./Core/Src/app_board_io.o
 .text.di_read  0x08000e94       0x2a ./Core/Src/app_board_io.o
 *fill*         0x08000ebe        0x2 
 .text.app_di_read_all
                0x08000ec0       0x48 ./Core/Src/app_board_io.o
                0x08000ec0                app_di_read_all
 .text.ADC1_GPIO_Analog_Init_User
                0x08000f08       0xbc ./Core/Src/app_board_io.o
 .text.adc1_read_avg
                0x08000fc4      0x108 ./Core/Src/app_board_io.o
 .text.adc_to_mV
                0x080010cc       0x34 ./Core/Src/app_board_io.o
 .text.app_adc_read_all_mv
                0x08001100      0x230 ./Core/Src/app_board_io.o
                0x08001100                app_adc_read_all_mv
 .text.app_board_io_init
                0x08001330       0x24 ./Core/Src/app_board_io.o
                0x08001330                app_board_io_init
 .text.jb_append
                0x08001354       0x84 ./Core/Src/app_modbus_payload.o
 .text.json_values_add_di_2
                0x080013d8       0x80 ./Core/Src/app_modbus_payload.o
 .text.json_values_add_ai_2_mv
                0x08001458       0x84 ./Core/Src/app_modbus_payload.o
 .text.mb_read_by_func
                0x080014dc       0x88 ./Core/Src/app_modbus_payload.o
 .text.json_values_add_mi_1
                0x08001564      0x228 ./Core/Src/app_modbus_payload.o
 .text.app_build_payload_json_once
                0x0800178c      0x11c ./Core/Src/app_modbus_payload.o
                0x0800178c                app_build_payload_json_once
 .text.debug_uart_init
                0x080018a8       0x20 ./Core/Src/debug_uart.o
                0x080018a8                debug_uart_init
 .text.print    0x080018c8       0x70 ./Core/Src/debug_uart.o
                0x080018c8                print
 .text.__NVIC_SystemReset
                0x08001938       0x2c ./Core/Src/main.o
 .text.flash_test
                0x08001964       0x84 ./Core/Src/main.o
 .text.print_reset_reason
                0x080019e8       0xb8 ./Core/Src/main.o
 .text.main     0x08001aa0      0x2d8 ./Core/Src/main.o
                0x08001aa0                main
 .text.SystemClock_Config
                0x08001d78       0xc0 ./Core/Src/main.o
                0x08001d78                SystemClock_Config
 .text.MX_ADC1_Init
                0x08001e38       0xa4 ./Core/Src/main.o
 .text.MX_RTC_Init
                0x08001edc       0xc4 ./Core/Src/main.o
 .text.MX_SPI1_Init
                0x08001fa0       0x6c ./Core/Src/main.o
 .text.MX_USART1_UART_Init
                0x0800200c       0x54 ./Core/Src/main.o
 .text.MX_USART3_UART_Init
                0x08002060       0x54 ./Core/Src/main.o
 .text.MX_USART6_UART_Init
                0x080020b4       0x54 ./Core/Src/main.o
 .text.MX_DMA_Init
                0x08002108       0x7c ./Core/Src/main.o
 .text.MX_GPIO_Init
                0x08002184       0xec ./Core/Src/main.o
 .text.HAL_UARTEx_RxEventCallback
                0x08002270      0x12c ./Core/Src/main.o
                0x08002270                HAL_UARTEx_RxEventCallback
 .text.StartDefaultTask
                0x0800239c      0x130 ./Core/Src/main.o
                0x0800239c                StartDefaultTask
 .text.StartTask02
                0x080024cc       0x10 ./Core/Src/main.o
                0x080024cc                StartTask02
 .text.Error_Handler
                0x080024dc        0xc ./Core/Src/main.o
                0x080024dc                Error_Handler
 .text.crc32_sw
                0x080024e8       0x78 ./Core/Src/modbus_config_flash.o
 .text.modbus_cfg_defaults
                0x08002560       0x5c ./Core/Src/modbus_config_flash.o
                0x08002560                modbus_cfg_defaults
 .text.cfg_is_valid
                0x080025bc      0x118 ./Core/Src/modbus_config_flash.o
 .text.modbus_cfg_load
                0x080026d4       0x48 ./Core/Src/modbus_config_flash.o
                0x080026d4                modbus_cfg_load
 .text.mb_crc16
                0x0800271c       0x7c ./Core/Src/modbus_crc.o
                0x0800271c                mb_crc16
 .text.rs485_tx
                0x08002798       0x20 ./Core/Src/modbus_rtu_master.o
 .text.rs485_rx
                0x080027b8       0x20 ./Core/Src/modbus_rtu_master.o
 .text.rs485_settle_delay
                0x080027d8       0x2a ./Core/Src/modbus_rtu_master.o
 .text.mbm_arm_rx_to_idle
                0x08002802       0x74 ./Core/Src/modbus_rtu_master.o
                0x08002802                mbm_arm_rx_to_idle
 .text.mbm_on_rx_event
                0x08002876       0x3c ./Core/Src/modbus_rtu_master.o
                0x08002876                mbm_on_rx_event
 .text.mbm_tx_frame
                0x080028b2       0x68 ./Core/Src/modbus_rtu_master.o
 .text.mbm_read_holding_03
                0x0800291a      0x1c4 ./Core/Src/modbus_rtu_master.o
                0x0800291a                mbm_read_holding_03
 .text.mbm_read_input_04
                0x08002ade      0x1c4 ./Core/Src/modbus_rtu_master.o
                0x08002ade                mbm_read_input_04
 *fill*         0x08002ca2        0x2 
 .text.u2_send_cmd
                0x08002ca4       0x68 ./Core/Src/modem_handler.o
 .text.u2_flush_all
                0x08002d0c       0x28 ./Core/Src/modem_handler.o
 .text.trim_crlf
                0x08002d34       0x58 ./Core/Src/modem_handler.o
 .text.SIM800_SendATCommand2
                0x08002d8c      0x4cc ./Core/Src/modem_handler.o
                0x08002d8c                SIM800_SendATCommand2
 .text.at_should_flush
                0x08003258       0x60 ./Core/Src/modem_handler.o
 .text.SendCommandWithRetry
                0x080032b8       0x84 ./Core/Src/modem_handler.o
                0x080032b8                SendCommandWithRetry
 .text.GPRS_Init
                0x0800333c       0x8c ./Core/Src/modem_handler.o
                0x0800333c                GPRS_Init
 .text.GetIMEI  0x080033c8      0x15c ./Core/Src/modem_handler.o
                0x080033c8                GetIMEI
 .text.WaitForNetworkAndBlinkLED
                0x08003524       0x44 ./Core/Src/modem_handler.o
                0x08003524                WaitForNetworkAndBlinkLED
 .text.GSM_Network_Diagnostics
                0x08003568      0x14c ./Core/Src/modem_handler.o
                0x08003568                GSM_Network_Diagnostics
 .text.Check_Internet_Service
                0x080036b4      0x20c ./Core/Src/modem_handler.o
                0x080036b4                Check_Internet_Service
 .text.__NVIC_SystemReset
                0x080038c0       0x2c ./Core/Src/mqtt_handler.o
 .text.Prepare_MQTT_Topics
                0x080038ec       0x5c ./Core/Src/mqtt_handler.o
                0x080038ec                Prepare_MQTT_Topics
 .text.MQTT_Connect
                0x08003948      0x238 ./Core/Src/mqtt_handler.o
                0x08003948                MQTT_Connect
 .text.MQTT_Subscribe
                0x08003b80       0xc0 ./Core/Src/mqtt_handler.o
                0x08003b80                MQTT_Subscribe
 .text.MQTT_Publish
                0x08003c40       0xf4 ./Core/Src/mqtt_handler.o
                0x08003c40                MQTT_Publish
 .text.mqttPublish
                0x08003d34       0x20 ./Core/Src/mqtt_handler.o
                0x08003d34                mqttPublish
 .text.enable_backup_domain_access
                0x08003d54       0x34 ./Core/Src/rtc_manager.o
 .text.rtc_clock_source_selected
                0x08003d88       0x24 ./Core/Src/rtc_manager.o
 .text.rtc_clock_configure_with_fallback
                0x08003dac       0xe0 ./Core/Src/rtc_manager.o
                0x08003dac                rtc_clock_configure_with_fallback
 .text.rtc_init_with_bkp_once
                0x08003e8c       0xac ./Core/Src/rtc_manager.o
                0x08003e8c                rtc_init_with_bkp_once
 .text.rtc_get_datetime_strings
                0x08003f38       0x5c ./Core/Src/rtc_manager.o
                0x08003f38                rtc_get_datetime_strings
 .text.HAL_MspInit
                0x08003f94       0x58 ./Core/Src/stm32f4xx_hal_msp.o
                0x08003f94                HAL_MspInit
 .text.HAL_ADC_MspInit
                0x08003fec       0x88 ./Core/Src/stm32f4xx_hal_msp.o
                0x08003fec                HAL_ADC_MspInit
 .text.HAL_RTC_MspInit
                0x08004074       0xac ./Core/Src/stm32f4xx_hal_msp.o
                0x08004074                HAL_RTC_MspInit
 .text.HAL_SPI_MspInit
                0x08004120       0x90 ./Core/Src/stm32f4xx_hal_msp.o
                0x08004120                HAL_SPI_MspInit
 .text.HAL_UART_MspInit
                0x080041b0      0x2bc ./Core/Src/stm32f4xx_hal_msp.o
                0x080041b0                HAL_UART_MspInit
 .text.NMI_Handler
                0x0800446c        0x8 ./Core/Src/stm32f4xx_it.o
                0x0800446c                NMI_Handler
 .text.HardFault_Handler
                0x08004474        0x8 ./Core/Src/stm32f4xx_it.o
                0x08004474                HardFault_Handler
 .text.MemManage_Handler
                0x0800447c        0x8 ./Core/Src/stm32f4xx_it.o
                0x0800447c                MemManage_Handler
 .text.BusFault_Handler
                0x08004484        0x8 ./Core/Src/stm32f4xx_it.o
                0x08004484                BusFault_Handler
 .text.UsageFault_Handler
                0x0800448c        0x8 ./Core/Src/stm32f4xx_it.o
                0x0800448c                UsageFault_Handler
 .text.DebugMon_Handler
                0x08004494        0xe ./Core/Src/stm32f4xx_it.o
                0x08004494                DebugMon_Handler
 .text.SysTick_Handler
                0x080044a2       0x1a ./Core/Src/stm32f4xx_it.o
                0x080044a2                SysTick_Handler
 .text.DMA1_Stream1_IRQHandler
                0x080044bc       0x14 ./Core/Src/stm32f4xx_it.o
                0x080044bc                DMA1_Stream1_IRQHandler
 .text.USART3_IRQHandler
                0x080044d0       0x14 ./Core/Src/stm32f4xx_it.o
                0x080044d0                USART3_IRQHandler
 .text.DMA2_Stream1_IRQHandler
                0x080044e4       0x14 ./Core/Src/stm32f4xx_it.o
                0x080044e4                DMA2_Stream1_IRQHandler
 .text.DMA2_Stream6_IRQHandler
                0x080044f8       0x14 ./Core/Src/stm32f4xx_it.o
                0x080044f8                DMA2_Stream6_IRQHandler
 .text.USART6_IRQHandler
                0x0800450c       0x14 ./Core/Src/stm32f4xx_it.o
                0x0800450c                USART6_IRQHandler
 .text._sbrk    0x08004520       0x6c ./Core/Src/sysmem.o
                0x08004520                _sbrk
 .text.SystemInit
                0x0800458c       0x24 ./Core/Src/system_stm32f4xx.o
                0x0800458c                SystemInit
 .text.rb_mask  0x080045b0       0x1a ./Core/Src/uart2_rx_engine.o
 .text.u2rx_init
                0x080045ca       0x32 ./Core/Src/uart2_rx_engine.o
                0x080045ca                u2rx_init
 .text.u2rx_start
                0x080045fc       0x66 ./Core/Src/uart2_rx_engine.o
                0x080045fc                u2rx_start
 .text.u2rx_on_idle_event
                0x08004662       0xb6 ./Core/Src/uart2_rx_engine.o
                0x08004662                u2rx_on_idle_event
 .text.u2rx_available
                0x08004718       0x26 ./Core/Src/uart2_rx_engine.o
                0x08004718                u2rx_available
 .text.u2rx_read
                0x0800473e       0x74 ./Core/Src/uart2_rx_engine.o
                0x0800473e                u2rx_read
 .text.u2rx_drop_all
                0x080047b2       0x24 ./Core/Src/uart2_rx_engine.o
                0x080047b2                u2rx_drop_all
 .text.u2rx_read_line
                0x080047d6       0xf6 ./Core/Src/uart2_rx_engine.o
                0x080047d6                u2rx_read_line
 .text.u2rx_wait_for
                0x080048cc       0xf6 ./Core/Src/uart2_rx_engine.o
                0x080048cc                u2rx_wait_for
 .text.cs_low   0x080049c2       0x20 ./Core/Src/w25q16.o
 .text.cs_high  0x080049e2       0x20 ./Core/Src/w25q16.o
 .text.spi_tx   0x08004a02       0x32 ./Core/Src/w25q16.o
 .text.spi_rx   0x08004a34       0x32 ./Core/Src/w25q16.o
 .text.w25q_read_jedec_id
                0x08004a66       0x58 ./Core/Src/w25q16.o
                0x08004a66                w25q_read_jedec_id
 .text.w25q_init
                0x08004abe       0x3a ./Core/Src/w25q16.o
                0x08004abe                w25q_init
 .text.Reset_Handler
                0x08004af8       0x50 ./Core/Startup/startup_stm32f407vetx.o
                0x08004af8                Reset_Handler
 .text.Default_Handler
                0x08004b48        0x2 ./Core/Startup/startup_stm32f407vetx.o
                0x08004b48                DMA1_Stream3_IRQHandler
                0x08004b48                HASH_RNG_IRQHandler
                0x08004b48                EXTI2_IRQHandler
                0x08004b48                TIM8_CC_IRQHandler
                0x08004b48                TIM1_CC_IRQHandler
                0x08004b48                DMA2_Stream5_IRQHandler
                0x08004b48                DMA1_Stream5_IRQHandler
                0x08004b48                PVD_IRQHandler
                0x08004b48                SDIO_IRQHandler
                0x08004b48                TAMP_STAMP_IRQHandler
                0x08004b48                CAN2_RX1_IRQHandler
                0x08004b48                EXTI3_IRQHandler
                0x08004b48                TIM8_TRG_COM_TIM14_IRQHandler
                0x08004b48                TIM1_UP_TIM10_IRQHandler
                0x08004b48                TIM8_UP_TIM13_IRQHandler
                0x08004b48                I2C3_ER_IRQHandler
                0x08004b48                EXTI0_IRQHandler
                0x08004b48                I2C2_EV_IRQHandler
                0x08004b48                DMA1_Stream2_IRQHandler
                0x08004b48                CAN1_RX0_IRQHandler
                0x08004b48                FPU_IRQHandler
                0x08004b48                OTG_HS_WKUP_IRQHandler
                0x08004b48                CAN2_SCE_IRQHandler
                0x08004b48                DMA2_Stream2_IRQHandler
                0x08004b48                SPI1_IRQHandler
                0x08004b48                TIM6_DAC_IRQHandler
                0x08004b48                TIM1_BRK_TIM9_IRQHandler
                0x08004b48                DCMI_IRQHandler
                0x08004b48                CAN2_RX0_IRQHandler
                0x08004b48                DMA2_Stream3_IRQHandler
                0x08004b48                CAN1_RX1_IRQHandler
                0x08004b48                UART5_IRQHandler
                0x08004b48                DMA2_Stream0_IRQHandler
                0x08004b48                TIM4_IRQHandler
                0x08004b48                I2C1_EV_IRQHandler
                0x08004b48                DMA1_Stream6_IRQHandler
                0x08004b48                UART4_IRQHandler
                0x08004b48                TIM3_IRQHandler
                0x08004b48                RCC_IRQHandler
                0x08004b48                TIM8_BRK_TIM12_IRQHandler
                0x08004b48                Default_Handler
                0x08004b48                EXTI15_10_IRQHandler
                0x08004b48                ADC_IRQHandler
                0x08004b48                DMA1_Stream7_IRQHandler
                0x08004b48                TIM7_IRQHandler
                0x08004b48                CAN2_TX_IRQHandler
                0x08004b48                TIM5_IRQHandler
                0x08004b48                DMA2_Stream7_IRQHandler
                0x08004b48                I2C3_EV_IRQHandler
                0x08004b48                EXTI9_5_IRQHandler
                0x08004b48                RTC_WKUP_IRQHandler
                0x08004b48                ETH_WKUP_IRQHandler
                0x08004b48                SPI2_IRQHandler
                0x08004b48                OTG_HS_EP1_IN_IRQHandler
                0x08004b48                DMA1_Stream0_IRQHandler
                0x08004b48                CAN1_TX_IRQHandler
                0x08004b48                EXTI4_IRQHandler
                0x08004b48                FSMC_IRQHandler
                0x08004b48                ETH_IRQHandler
                0x08004b48                OTG_HS_EP1_OUT_IRQHandler
                0x08004b48                WWDG_IRQHandler
                0x08004b48                TIM2_IRQHandler
                0x08004b48                OTG_FS_WKUP_IRQHandler
                0x08004b48                TIM1_TRG_COM_TIM11_IRQHandler
                0x08004b48                OTG_HS_IRQHandler
                0x08004b48                EXTI1_IRQHandler
                0x08004b48                USART2_IRQHandler
                0x08004b48                I2C2_ER_IRQHandler
                0x08004b48                CAN1_SCE_IRQHandler
                0x08004b48                FLASH_IRQHandler
                0x08004b48                DMA2_Stream4_IRQHandler
                0x08004b48                USART1_IRQHandler
                0x08004b48                OTG_FS_IRQHandler
                0x08004b48                SPI3_IRQHandler
                0x08004b48                DMA1_Stream4_IRQHandler
                0x08004b48                I2C1_ER_IRQHandler
                0x08004b48                RTC_Alarm_IRQHandler
 *fill*         0x08004b4a        0x2 
 .text.HAL_Init
                0x08004b4c       0x44 ./Drivers/STM32F4xx_HAL_Driver/Src/stm32f4xx_hal.o
                0x08004b4c                HAL_Init
 .text.HAL_InitTick
                0x08004b90       0x60 ./Drivers/STM32F4xx_HAL_Driver/Src/stm32f4xx_hal.o
                0x08004b90                HAL_InitTick
 .text.HAL_IncTick
                0x08004bf0       0x28 ./Drivers/STM32F4xx_HAL_Driver/Src/stm32f4xx_hal.o
                0x08004bf0                HAL_IncTick
 .text.HAL_GetTick
                0x08004c18       0x18 ./Drivers/STM32F4xx_HAL_Driver/Src/stm32f4xx_hal.o
                0x08004c18                HAL_GetTick
 .text.HAL_Delay
                0x08004c30       0x48 ./Drivers/STM32F4xx_HAL_Driver/Src/stm32f4xx_hal.o
                0x08004c30                HAL_Delay
 .text.HAL_ADC_Init
                0x08004c78       0x86 ./Drivers/STM32F4xx_HAL_Driver/Src/stm32f4xx_hal_adc.o
                0x08004c78                HAL_ADC_Init
 *fill*         0x08004cfe        0x2 
 .text.HAL_ADC_Start
                0x08004d00      0x1a4 ./Drivers/STM32F4xx_HAL_Driver/Src/stm32f4xx_hal_adc.o
                0x08004d00                HAL_ADC_Start
 .text.HAL_ADC_Stop
                0x08004ea4       0x66 ./Drivers/STM32F4xx_HAL_Driver/Src/stm32f4xx_hal_adc.o
                0x08004ea4                HAL_ADC_Stop
 .text.HAL_ADC_PollForConversion
                0x08004f0a      0x116 ./Drivers/STM32F4xx_HAL_Driver/Src/stm32f4xx_hal_adc.o
                0x08004f0a                HAL_ADC_PollForConversion
 .text.HAL_ADC_GetValue
                0x08005020       0x1a ./Drivers/STM32F4xx_HAL_Driver/Src/stm32f4xx_hal_adc.o
                0x08005020                HAL_ADC_GetValue
 *fill*         0x0800503a        0x2 
 .text.HAL_ADC_ConfigChannel
                0x0800503c      0x244 ./Drivers/STM32F4xx_HAL_Driver/Src/stm32f4xx_hal_adc.o
                0x0800503c                HAL_ADC_ConfigChannel
 .text.ADC_Init
                0x08005280      0x1f8 ./Drivers/STM32F4xx_HAL_Driver/Src/stm32f4xx_hal_adc.o
 .text.__NVIC_SetPriorityGrouping
                0x08005478       0x48 ./Drivers/STM32F4xx_HAL_Driver/Src/stm32f4xx_hal_cortex.o
 .text.__NVIC_GetPriorityGrouping
                0x080054c0       0x1c ./Drivers/STM32F4xx_HAL_Driver/Src/stm32f4xx_hal_cortex.o
 .text.__NVIC_EnableIRQ
                0x080054dc       0x3c ./Drivers/STM32F4xx_HAL_Driver/Src/stm32f4xx_hal_cortex.o
 .text.__NVIC_SetPriority
                0x08005518       0x54 ./Drivers/STM32F4xx_HAL_Driver/Src/stm32f4xx_hal_cortex.o
 .text.NVIC_EncodePriority
                0x0800556c       0x66 ./Drivers/STM32F4xx_HAL_Driver/Src/stm32f4xx_hal_cortex.o
 *fill*         0x080055d2        0x2 
 .text.SysTick_Config
                0x080055d4       0x44 ./Drivers/STM32F4xx_HAL_Driver/Src/stm32f4xx_hal_cortex.o
 .text.HAL_NVIC_SetPriorityGrouping
                0x08005618       0x16 ./Drivers/STM32F4xx_HAL_Driver/Src/stm32f4xx_hal_cortex.o
                0x08005618                HAL_NVIC_SetPriorityGrouping
 .text.HAL_NVIC_SetPriority
                0x0800562e       0x38 ./Drivers/STM32F4xx_HAL_Driver/Src/stm32f4xx_hal_cortex.o
                0x0800562e                HAL_NVIC_SetPriority
 .text.HAL_NVIC_EnableIRQ
                0x08005666       0x1c ./Drivers/STM32F4xx_HAL_Driver/Src/stm32f4xx_hal_cortex.o
                0x08005666                HAL_NVIC_EnableIRQ
 .text.HAL_SYSTICK_Config
                0x08005682       0x18 ./Drivers/STM32F4xx_HAL_Driver/Src/stm32f4xx_hal_cortex.o
                0x08005682                HAL_SYSTICK_Config
 *fill*         0x0800569a        0x2 
 .text.HAL_DMA_Init
                0x0800569c      0x15c ./Drivers/STM32F4xx_HAL_Driver/Src/stm32f4xx_hal_dma.o
                0x0800569c                HAL_DMA_Init
 .text.HAL_DMA_Start_IT
                0x080057f8       0xb0 ./Drivers/STM32F4xx_HAL_Driver/Src/stm32f4xx_hal_dma.o
                0x080057f8                HAL_DMA_Start_IT
 .text.HAL_DMA_Abort
                0x080058a8       0xe0 ./Drivers/STM32F4xx_HAL_Driver/Src/stm32f4xx_hal_dma.o
                0x080058a8                HAL_DMA_Abort
 .text.HAL_DMA_Abort_IT
                0x08005988       0x44 ./Drivers/STM32F4xx_HAL_Driver/Src/stm32f4xx_hal_dma.o
                0x08005988                HAL_DMA_Abort_IT
 .text.HAL_DMA_IRQHandler
                0x080059cc      0x314 ./Drivers/STM32F4xx_HAL_Driver/Src/stm32f4xx_hal_dma.o
                0x080059cc                HAL_DMA_IRQHandler
 .text.HAL_DMA_GetError
                0x08005ce0       0x18 ./Drivers/STM32F4xx_HAL_Driver/Src/stm32f4xx_hal_dma.o
                0x08005ce0                HAL_DMA_GetError
 .text.DMA_SetConfig
                0x08005cf8       0x5c ./Drivers/STM32F4xx_HAL_Driver/Src/stm32f4xx_hal_dma.o
 .text.DMA_CalcBaseAndBitshift
                0x08005d54       0x6c ./Drivers/STM32F4xx_HAL_Driver/Src/stm32f4xx_hal_dma.o
 .text.DMA_CheckFifoParam
                0x08005dc0       0xf8 ./Drivers/STM32F4xx_HAL_Driver/Src/stm32f4xx_hal_dma.o
 .text.HAL_GPIO_Init
                0x08005eb8      0x338 ./Drivers/STM32F4xx_HAL_Driver/Src/stm32f4xx_hal_gpio.o
                0x08005eb8                HAL_GPIO_Init
 .text.HAL_GPIO_ReadPin
                0x080061f0       0x30 ./Drivers/STM32F4xx_HAL_Driver/Src/stm32f4xx_hal_gpio.o
                0x080061f0                HAL_GPIO_ReadPin
 .text.HAL_GPIO_WritePin
                0x08006220       0x32 ./Drivers/STM32F4xx_HAL_Driver/Src/stm32f4xx_hal_gpio.o
                0x08006220                HAL_GPIO_WritePin
 *fill*         0x08006252        0x2 
 .text.HAL_PWR_EnableBkUpAccess
                0x08006254       0x28 ./Drivers/STM32F4xx_HAL_Driver/Src/stm32f4xx_hal_pwr.o
                0x08006254                HAL_PWR_EnableBkUpAccess
 .text.HAL_RCC_OscConfig
                0x0800627c      0x4f0 ./Drivers/STM32F4xx_HAL_Driver/Src/stm32f4xx_hal_rcc.o
                0x0800627c                HAL_RCC_OscConfig
 .text.HAL_RCC_ClockConfig
                0x0800676c      0x1cc ./Drivers/STM32F4xx_HAL_Driver/Src/stm32f4xx_hal_rcc.o
                0x0800676c                HAL_RCC_ClockConfig
 .text.HAL_RCC_GetSysClockFreq
                0x08006938      0x18c ./Drivers/STM32F4xx_HAL_Driver/Src/stm32f4xx_hal_rcc.o
                0x08006938                HAL_RCC_GetSysClockFreq
 .text.HAL_RCC_GetHCLKFreq
                0x08006ac4       0x18 ./Drivers/STM32F4xx_HAL_Driver/Src/stm32f4xx_hal_rcc.o
                0x08006ac4                HAL_RCC_GetHCLKFreq
 .text.HAL_RCC_GetPCLK1Freq
                0x08006adc       0x28 ./Drivers/STM32F4xx_HAL_Driver/Src/stm32f4xx_hal_rcc.o
                0x08006adc                HAL_RCC_GetPCLK1Freq
 .text.HAL_RCC_GetPCLK2Freq
                0x08006b04       0x28 ./Drivers/STM32F4xx_HAL_Driver/Src/stm32f4xx_hal_rcc.o
                0x08006b04                HAL_RCC_GetPCLK2Freq
 .text.HAL_RCCEx_PeriphCLKConfig
                0x08006b2c      0x1c4 ./Drivers/STM32F4xx_HAL_Driver/Src/stm32f4xx_hal_rcc_ex.o
                0x08006b2c                HAL_RCCEx_PeriphCLKConfig
 .text.HAL_RTC_Init
                0x08006cf0      0x102 ./Drivers/STM32F4xx_HAL_Driver/Src/stm32f4xx_hal_rtc.o
                0x08006cf0                HAL_RTC_Init
 .text.HAL_RTC_SetTime
                0x08006df2      0x134 ./Drivers/STM32F4xx_HAL_Driver/Src/stm32f4xx_hal_rtc.o
                0x08006df2                HAL_RTC_SetTime
 .text.HAL_RTC_GetTime
                0x08006f26       0xbc ./Drivers/STM32F4xx_HAL_Driver/Src/stm32f4xx_hal_rtc.o
                0x08006f26                HAL_RTC_GetTime
 .text.HAL_RTC_SetDate
                0x08006fe2      0x108 ./Drivers/STM32F4xx_HAL_Driver/Src/stm32f4xx_hal_rtc.o
                0x08006fe2                HAL_RTC_SetDate
 .text.HAL_RTC_GetDate
                0x080070ea       0x9e ./Drivers/STM32F4xx_HAL_Driver/Src/stm32f4xx_hal_rtc.o
                0x080070ea                HAL_RTC_GetDate
 .text.HAL_RTC_WaitForSynchro
                0x08007188       0x4c ./Drivers/STM32F4xx_HAL_Driver/Src/stm32f4xx_hal_rtc.o
                0x08007188                HAL_RTC_WaitForSynchro
 .text.RTC_EnterInitMode
                0x080071d4       0x6e ./Drivers/STM32F4xx_HAL_Driver/Src/stm32f4xx_hal_rtc.o
                0x080071d4                RTC_EnterInitMode
 .text.RTC_ExitInitMode
                0x08007242       0x4a ./Drivers/STM32F4xx_HAL_Driver/Src/stm32f4xx_hal_rtc.o
                0x08007242                RTC_ExitInitMode
 .text.RTC_ByteToBcd2
                0x0800728c       0x3c ./Drivers/STM32F4xx_HAL_Driver/Src/stm32f4xx_hal_rtc.o
                0x0800728c                RTC_ByteToBcd2
 .text.RTC_Bcd2ToByte
                0x080072c8       0x3c ./Drivers/STM32F4xx_HAL_Driver/Src/stm32f4xx_hal_rtc.o
                0x080072c8                RTC_Bcd2ToByte
 .text.HAL_RTCEx_BKUPWrite
                0x08007304       0x34 ./Drivers/STM32F4xx_HAL_Driver/Src/stm32f4xx_hal_rtc_ex.o
                0x08007304                HAL_RTCEx_BKUPWrite
 .text.HAL_RTCEx_BKUPRead
                0x08007338       0x30 ./Drivers/STM32F4xx_HAL_Driver/Src/stm32f4xx_hal_rtc_ex.o
                0x08007338                HAL_RTCEx_BKUPRead
 .text.HAL_RTCEx_SetRefClock
                0x08007368       0x7e ./Drivers/STM32F4xx_HAL_Driver/Src/stm32f4xx_hal_rtc_ex.o
                0x08007368                HAL_RTCEx_SetRefClock
 .text.HAL_SPI_Init
                0x080073e6      0x112 ./Drivers/STM32F4xx_HAL_Driver/Src/stm32f4xx_hal_spi.o
                0x080073e6                HAL_SPI_Init
 .text.HAL_SPI_Transmit
                0x080074f8      0x288 ./Drivers/STM32F4xx_HAL_Driver/Src/stm32f4xx_hal_spi.o
                0x080074f8                HAL_SPI_Transmit
 .text.HAL_SPI_Receive
                0x08007780      0x232 ./Drivers/STM32F4xx_HAL_Driver/Src/stm32f4xx_hal_spi.o
                0x08007780                HAL_SPI_Receive
 .text.HAL_SPI_TransmitReceive
                0x080079b2      0x352 ./Drivers/STM32F4xx_HAL_Driver/Src/stm32f4xx_hal_spi.o
                0x080079b2                HAL_SPI_TransmitReceive
 .text.SPI_WaitFlagStateUntilTimeout
                0x08007d04      0x110 ./Drivers/STM32F4xx_HAL_Driver/Src/stm32f4xx_hal_spi.o
 .text.SPI_EndRxTransaction
                0x08007e14       0xca ./Drivers/STM32F4xx_HAL_Driver/Src/stm32f4xx_hal_spi.o
 *fill*         0x08007ede        0x2 
 .text.SPI_EndRxTxTransaction
                0x08007ee0       0xa8 ./Drivers/STM32F4xx_HAL_Driver/Src/stm32f4xx_hal_spi.o
 .text.HAL_UART_Init
                0x08007f88       0xa0 ./Drivers/STM32F4xx_HAL_Driver/Src/stm32f4xx_hal_uart.o
                0x08007f88                HAL_UART_Init
 .text.HAL_UART_Transmit
                0x08008028      0x116 ./Drivers/STM32F4xx_HAL_Driver/Src/stm32f4xx_hal_uart.o
                0x08008028                HAL_UART_Transmit
 .text.HAL_UARTEx_ReceiveToIdle_DMA
                0x0800813e       0xb2 ./Drivers/STM32F4xx_HAL_Driver/Src/stm32f4xx_hal_uart.o
                0x0800813e                HAL_UARTEx_ReceiveToIdle_DMA
 .text.HAL_UART_AbortReceive
                0x080081f0      0x146 ./Drivers/STM32F4xx_HAL_Driver/Src/stm32f4xx_hal_uart.o
                0x080081f0                HAL_UART_AbortReceive
 *fill*         0x08008336        0x2 
 .text.HAL_UART_IRQHandler
                0x08008338      0x554 ./Drivers/STM32F4xx_HAL_Driver/Src/stm32f4xx_hal_uart.o
                0x08008338                HAL_UART_IRQHandler
 .text.HAL_UART_TxCpltCallback
                0x0800888c       0x14 ./Drivers/STM32F4xx_HAL_Driver/Src/stm32f4xx_hal_uart.o
                0x0800888c                HAL_UART_TxCpltCallback
 .text.HAL_UART_RxCpltCallback
                0x080088a0       0x14 ./Drivers/STM32F4xx_HAL_Driver/Src/stm32f4xx_hal_uart.o
                0x080088a0                HAL_UART_RxCpltCallback
 .text.HAL_UART_RxHalfCpltCallback
                0x080088b4       0x14 ./Drivers/STM32F4xx_HAL_Driver/Src/stm32f4xx_hal_uart.o
                0x080088b4                HAL_UART_RxHalfCpltCallback
 .text.HAL_UART_ErrorCallback
                0x080088c8       0x14 ./Drivers/STM32F4xx_HAL_Driver/Src/stm32f4xx_hal_uart.o
                0x080088c8                HAL_UART_ErrorCallback
 .text.UART_DMAReceiveCplt
                0x080088dc      0x12c ./Drivers/STM32F4xx_HAL_Driver/Src/stm32f4xx_hal_uart.o
 .text.UART_DMARxHalfCplt
                0x08008a08       0x3c ./Drivers/STM32F4xx_HAL_Driver/Src/stm32f4xx_hal_uart.o
 .text.UART_DMAError
                0x08008a44       0x94 ./Drivers/STM32F4xx_HAL_Driver/Src/stm32f4xx_hal_uart.o
 .text.UART_WaitOnFlagUntilTimeout
                0x08008ad8       0xb2 ./Drivers/STM32F4xx_HAL_Driver/Src/stm32f4xx_hal_uart.o
 *fill*         0x08008b8a        0x2 
 .text.UART_Start_Receive_DMA
                0x08008b8c      0x14c ./Drivers/STM32F4xx_HAL_Driver/Src/stm32f4xx_hal_uart.o
                0x08008b8c                UART_Start_Receive_DMA
 .text.UART_EndTxTransfer
                0x08008cd8       0x50 ./Drivers/STM32F4xx_HAL_Driver/Src/stm32f4xx_hal_uart.o
 .text.UART_EndRxTransfer
                0x08008d28       0xc6 ./Drivers/STM32F4xx_HAL_Driver/Src/stm32f4xx_hal_uart.o
 .text.UART_DMAAbortOnError
                0x08008dee       0x22 ./Drivers/STM32F4xx_HAL_Driver/Src/stm32f4xx_hal_uart.o
 .text.UART_Transmit_IT
                0x08008e10       0xa0 ./Drivers/STM32F4xx_HAL_Driver/Src/stm32f4xx_hal_uart.o
 .text.UART_EndTransmit_IT
                0x08008eb0       0x30 ./Drivers/STM32F4xx_HAL_Driver/Src/stm32f4xx_hal_uart.o
 .text.UART_Receive_IT
                0x08008ee0      0x17c ./Drivers/STM32F4xx_HAL_Driver/Src/stm32f4xx_hal_uart.o
 .text.UART_SetConfig
                0x0800905c      0x4e8 ./Drivers/STM32F4xx_HAL_Driver/Src/stm32f4xx_hal_uart.o
 .text.__NVIC_SetPriority
                0x08009544       0x54 ./Middlewares/Third_Party/FreeRTOS/Source/CMSIS_RTOS_V2/cmsis_os2.o
 .text.SVC_Setup
                0x08009598       0x12 ./Middlewares/Third_Party/FreeRTOS/Source/CMSIS_RTOS_V2/cmsis_os2.o
 *fill*         0x080095aa        0x2 
 .text.osKernelInitialize
                0x080095ac       0x48 ./Middlewares/Third_Party/FreeRTOS/Source/CMSIS_RTOS_V2/cmsis_os2.o
                0x080095ac                osKernelInitialize
 .text.osKernelStart
                0x080095f4       0x4c ./Middlewares/Third_Party/FreeRTOS/Source/CMSIS_RTOS_V2/cmsis_os2.o
                0x080095f4                osKernelStart
 .text.osThreadNew
                0x08009640      0x124 ./Middlewares/Third_Party/FreeRTOS/Source/CMSIS_RTOS_V2/cmsis_os2.o
                0x08009640                osThreadNew
 .text.osThreadGetName
                0x08009764       0x36 ./Middlewares/Third_Party/FreeRTOS/Source/CMSIS_RTOS_V2/cmsis_os2.o
                0x08009764                osThreadGetName
 .text.osThreadGetId
                0x0800979a       0x16 ./Middlewares/Third_Party/FreeRTOS/Source/CMSIS_RTOS_V2/cmsis_os2.o
                0x0800979a                osThreadGetId
 .text.osDelay  0x080097b0       0x36 ./Middlewares/Third_Party/FreeRTOS/Source/CMSIS_RTOS_V2/cmsis_os2.o
                0x080097b0                osDelay
 .text.osMutexAcquire
                0x080097e6       0x96 ./Middlewares/Third_Party/FreeRTOS/Source/CMSIS_RTOS_V2/cmsis_os2.o
                0x080097e6                osMutexAcquire
 .text.osMutexRelease
                0x0800987c       0x7a ./Middlewares/Third_Party/FreeRTOS/Source/CMSIS_RTOS_V2/cmsis_os2.o
                0x0800987c                osMutexRelease
 .text.osSemaphoreNew
                0x080098f6      0x112 ./Middlewares/Third_Party/FreeRTOS/Source/CMSIS_RTOS_V2/cmsis_os2.o
                0x080098f6                osSemaphoreNew
 .text.osSemaphoreAcquire
                0x08009a08       0xa4 ./Middlewares/Third_Party/FreeRTOS/Source/CMSIS_RTOS_V2/cmsis_os2.o
                0x08009a08                osSemaphoreAcquire
 .text.osSemaphoreRelease
                0x08009aac       0x88 ./Middlewares/Third_Party/FreeRTOS/Source/CMSIS_RTOS_V2/cmsis_os2.o
                0x08009aac                osSemaphoreRelease
 .text.vApplicationGetIdleTaskMemory
                0x08009b34       0x34 ./Middlewares/Third_Party/FreeRTOS/Source/CMSIS_RTOS_V2/cmsis_os2.o
                0x08009b34                vApplicationGetIdleTaskMemory
 .text.vApplicationGetTimerTaskMemory
                0x08009b68       0x34 ./Middlewares/Third_Party/FreeRTOS/Source/CMSIS_RTOS_V2/cmsis_os2.o
                0x08009b68                vApplicationGetTimerTaskMemory
 .text.vListInitialise
                0x08009b9c       0x40 ./Middlewares/Third_Party/FreeRTOS/Source/list.o
                0x08009b9c                vListInitialise
 .text.vListInitialiseItem
                0x08009bdc       0x1a ./Middlewares/Third_Party/FreeRTOS/Source/list.o
                0x08009bdc                vListInitialiseItem
 .text.vListInsertEnd
                0x08009bf6       0x48 ./Middlewares/Third_Party/FreeRTOS/Source/list.o
                0x08009bf6                vListInsertEnd
 .text.vListInsert
                0x08009c3e       0x72 ./Middlewares/Third_Party/FreeRTOS/Source/list.o
                0x08009c3e                vListInsert
 .text.uxListRemove
                0x08009cb0       0x54 ./Middlewares/Third_Party/FreeRTOS/Source/list.o
                0x08009cb0                uxListRemove
 .text.xQueueGenericReset
                0x08009d04       0xd4 ./Middlewares/Third_Party/FreeRTOS/Source/queue.o
                0x08009d04                xQueueGenericReset
 .text.xQueueGenericCreateStatic
                0x08009dd8       0xfa ./Middlewares/Third_Party/FreeRTOS/Source/queue.o
                0x08009dd8                xQueueGenericCreateStatic
 .text.xQueueGenericCreate
                0x08009ed2       0x76 ./Middlewares/Third_Party/FreeRTOS/Source/queue.o
                0x08009ed2                xQueueGenericCreate
 .text.prvInitialiseNewQueue
                0x08009f48       0x46 ./Middlewares/Third_Party/FreeRTOS/Source/queue.o
 .text.xQueueGiveMutexRecursive
                0x08009f8e       0x6a ./Middlewares/Third_Party/FreeRTOS/Source/queue.o
                0x08009f8e                xQueueGiveMutexRecursive
 .text.xQueueTakeMutexRecursive
                0x08009ff8       0x6e ./Middlewares/Third_Party/FreeRTOS/Source/queue.o
                0x08009ff8                xQueueTakeMutexRecursive
 .text.xQueueCreateCountingSemaphoreStatic
                0x0800a066       0x72 ./Middlewares/Third_Party/FreeRTOS/Source/queue.o
                0x0800a066                xQueueCreateCountingSemaphoreStatic
 .text.xQueueCreateCountingSemaphore
                0x0800a0d8       0x6a ./Middlewares/Third_Party/FreeRTOS/Source/queue.o
                0x0800a0d8                xQueueCreateCountingSemaphore
 *fill*         0x0800a142        0x2 
 .text.xQueueGenericSend
                0x0800a144      0x204 ./Middlewares/Third_Party/FreeRTOS/Source/queue.o
                0x0800a144                xQueueGenericSend
 .text.xQueueGenericSendFromISR
                0x0800a348      0x13c ./Middlewares/Third_Party/FreeRTOS/Source/queue.o
                0x0800a348                xQueueGenericSendFromISR
 .text.xQueueGiveFromISR
                0x0800a484      0x120 ./Middlewares/Third_Party/FreeRTOS/Source/queue.o
                0x0800a484                xQueueGiveFromISR
 .text.xQueueReceive
                0x0800a5a4      0x1c4 ./Middlewares/Third_Party/FreeRTOS/Source/queue.o
                0x0800a5a4                xQueueReceive
 .text.xQueueSemaphoreTake
                0x0800a768      0x220 ./Middlewares/Third_Party/FreeRTOS/Source/queue.o
                0x0800a768                xQueueSemaphoreTake
 .text.xQueueReceiveFromISR
                0x0800a988      0x104 ./Middlewares/Third_Party/FreeRTOS/Source/queue.o
                0x0800a988                xQueueReceiveFromISR
 .text.vQueueDelete
                0x0800aa8c       0x48 ./Middlewares/Third_Party/FreeRTOS/Source/queue.o
                0x0800aa8c                vQueueDelete
 .text.prvGetDisinheritPriorityAfterTimeout
                0x0800aad4       0x30 ./Middlewares/Third_Party/FreeRTOS/Source/queue.o
 .text.prvCopyDataToQueue
                0x0800ab04       0xd4 ./Middlewares/Third_Party/FreeRTOS/Source/queue.o
 .text.prvCopyDataFromQueue
                0x0800abd8       0x4c ./Middlewares/Third_Party/FreeRTOS/Source/queue.o
 .text.prvUnlockQueue
                0x0800ac24       0xa4 ./Middlewares/Third_Party/FreeRTOS/Source/queue.o
 .text.prvIsQueueEmpty
                0x0800acc8       0x2c ./Middlewares/Third_Party/FreeRTOS/Source/queue.o
 .text.prvIsQueueFull
                0x0800acf4       0x30 ./Middlewares/Third_Party/FreeRTOS/Source/queue.o
 .text.vQueueAddToRegistry
                0x0800ad24       0x54 ./Middlewares/Third_Party/FreeRTOS/Source/queue.o
                0x0800ad24                vQueueAddToRegistry
 .text.vQueueUnregisterQueue
                0x0800ad78       0x54 ./Middlewares/Third_Party/FreeRTOS/Source/queue.o
                0x0800ad78                vQueueUnregisterQueue
 .text.vQueueWaitForMessageRestricted
                0x0800adcc       0x68 ./Middlewares/Third_Party/FreeRTOS/Source/queue.o
                0x0800adcc                vQueueWaitForMessageRestricted
 .text.xTaskCreateStatic
                0x0800ae34       0xc0 ./Middlewares/Third_Party/FreeRTOS/Source/tasks.o
                0x0800ae34                xTaskCreateStatic
 .text.xTaskCreate
                0x0800aef4       0x8a ./Middlewares/Third_Party/FreeRTOS/Source/tasks.o
                0x0800aef4                xTaskCreate
 .text.prvInitialiseNewTask
                0x0800af7e      0x120 ./Middlewares/Third_Party/FreeRTOS/Source/tasks.o
 *fill*         0x0800b09e        0x2 
 .text.prvAddNewTaskToReadyList
                0x0800b0a0       0xe0 ./Middlewares/Third_Party/FreeRTOS/Source/tasks.o
 .text.vTaskDelay
                0x0800b180       0x6c ./Middlewares/Third_Party/FreeRTOS/Source/tasks.o
                0x0800b180                vTaskDelay
 .text.vTaskStartScheduler
                0x0800b1ec       0xd0 ./Middlewares/Third_Party/FreeRTOS/Source/tasks.o
                0x0800b1ec                vTaskStartScheduler
 .text.vTaskSuspendAll
                0x0800b2bc       0x1c ./Middlewares/Third_Party/FreeRTOS/Source/tasks.o
                0x0800b2bc                vTaskSuspendAll
 .text.xTaskResumeAll
                0x0800b2d8      0x13c ./Middlewares/Third_Party/FreeRTOS/Source/tasks.o
                0x0800b2d8                xTaskResumeAll
 .text.xTaskGetTickCount
                0x0800b414       0x20 ./Middlewares/Third_Party/FreeRTOS/Source/tasks.o
                0x0800b414                xTaskGetTickCount
 .text.pcTaskGetName
                0x0800b434       0x4c ./Middlewares/Third_Party/FreeRTOS/Source/tasks.o
                0x0800b434                pcTaskGetName
 .text.xTaskIncrementTick
                0x0800b480      0x174 ./Middlewares/Third_Party/FreeRTOS/Source/tasks.o
                0x0800b480                xTaskIncrementTick
 .text.vTaskSwitchContext
                0x0800b5f4       0xbc ./Middlewares/Third_Party/FreeRTOS/Source/tasks.o
                0x0800b5f4                vTaskSwitchContext
 .text.vTaskPlaceOnEventList
                0x0800b6b0       0x4c ./Middlewares/Third_Party/FreeRTOS/Source/tasks.o
                0x0800b6b0                vTaskPlaceOnEventList
 .text.vTaskPlaceOnEventListRestricted
                0x0800b6fc       0x58 ./Middlewares/Third_Party/FreeRTOS/Source/tasks.o
                0x0800b6fc                vTaskPlaceOnEventListRestricted
 .text.xTaskRemoveFromEventList
                0x0800b754       0xc8 ./Middlewares/Third_Party/FreeRTOS/Source/tasks.o
                0x0800b754                xTaskRemoveFromEventList
 .text.vTaskInternalSetTimeOutState
                0x0800b81c       0x2c ./Middlewares/Third_Party/FreeRTOS/Source/tasks.o
                0x0800b81c                vTaskInternalSetTimeOutState
 .text.xTaskCheckForTimeOut
                0x0800b848       0xc8 ./Middlewares/Third_Party/FreeRTOS/Source/tasks.o
                0x0800b848                xTaskCheckForTimeOut
 .text.vTaskMissedYield
                0x0800b910       0x18 ./Middlewares/Third_Party/FreeRTOS/Source/tasks.o
                0x0800b910                vTaskMissedYield
 .text.prvIdleTask
                0x0800b928       0x30 ./Middlewares/Third_Party/FreeRTOS/Source/tasks.o
 .text.prvInitialiseTaskLists
                0x0800b958       0x80 ./Middlewares/Third_Party/FreeRTOS/Source/tasks.o
 .text.prvCheckTasksWaitingTermination
                0x0800b9d8       0x5c ./Middlewares/Third_Party/FreeRTOS/Source/tasks.o
 .text.prvDeleteTCB
                0x0800ba34       0x60 ./Middlewares/Third_Party/FreeRTOS/Source/tasks.o
 .text.prvResetNextTaskUnblockTime
                0x0800ba94       0x40 ./Middlewares/Third_Party/FreeRTOS/Source/tasks.o
 .text.xTaskGetCurrentTaskHandle
                0x0800bad4       0x20 ./Middlewares/Third_Party/FreeRTOS/Source/tasks.o
                0x0800bad4                xTaskGetCurrentTaskHandle
 .text.xTaskGetSchedulerState
                0x0800baf4       0x3c ./Middlewares/Third_Party/FreeRTOS/Source/tasks.o
                0x0800baf4                xTaskGetSchedulerState
 .text.xTaskPriorityInherit
                0x0800bb30       0xd0 ./Middlewares/Third_Party/FreeRTOS/Source/tasks.o
                0x0800bb30                xTaskPriorityInherit
 .text.xTaskPriorityDisinherit
                0x0800bc00       0xe0 ./Middlewares/Third_Party/FreeRTOS/Source/tasks.o
                0x0800bc00                xTaskPriorityDisinherit
 .text.vTaskPriorityDisinheritAfterTimeout
                0x0800bce0      0x108 ./Middlewares/Third_Party/FreeRTOS/Source/tasks.o
                0x0800bce0                vTaskPriorityDisinheritAfterTimeout
 .text.pvTaskIncrementMutexHeldCount
                0x0800bde8       0x28 ./Middlewares/Third_Party/FreeRTOS/Source/tasks.o
                0x0800bde8                pvTaskIncrementMutexHeldCount
 .text.prvAddCurrentTaskToDelayedList
                0x0800be10       0xa8 ./Middlewares/Third_Party/FreeRTOS/Source/tasks.o
 .text.xTimerCreateTimerTask
                0x0800beb8       0x94 ./Middlewares/Third_Party/FreeRTOS/Source/timers.o
                0x0800beb8                xTimerCreateTimerTask
 .text.xTimerGenericCommand
                0x0800bf4c       0x9c ./Middlewares/Third_Party/FreeRTOS/Source/timers.o
                0x0800bf4c                xTimerGenericCommand
 .text.prvProcessExpiredTimer
                0x0800bfe8       0x9c ./Middlewares/Third_Party/FreeRTOS/Source/timers.o
 .text.prvTimerTask
                0x0800c084       0x26 ./Middlewares/Third_Party/FreeRTOS/Source/timers.o
 *fill*         0x0800c0aa        0x2 
 .text.prvProcessTimerOrBlockTask
                0x0800c0ac       0x9c ./Middlewares/Third_Party/FreeRTOS/Source/timers.o
 .text.prvGetNextExpireTime
                0x0800c148       0x48 ./Middlewares/Third_Party/FreeRTOS/Source/timers.o
 .text.prvSampleTimeNow
                0x0800c190       0x40 ./Middlewares/Third_Party/FreeRTOS/Source/timers.o
 .text.prvInsertTimerInActiveList
                0x0800c1d0       0x84 ./Middlewares/Third_Party/FreeRTOS/Source/timers.o
 .text.prvProcessReceivedCommands
                0x0800c254      0x1cc ./Middlewares/Third_Party/FreeRTOS/Source/timers.o
 .text.prvSwitchTimerLists
                0x0800c420       0xcc ./Middlewares/Third_Party/FreeRTOS/Source/timers.o
 .text.prvCheckForValidListAndQueue
                0x0800c4ec       0x80 ./Middlewares/Third_Party/FreeRTOS/Source/timers.o
 .text.pxPortInitialiseStack
                0x0800c56c       0x68 ./Middlewares/Third_Party/FreeRTOS/Source/portable/GCC/ARM_CM4F/port.o
                0x0800c56c                pxPortInitialiseStack
 .text.prvTaskExitError
                0x0800c5d4       0x5c ./Middlewares/Third_Party/FreeRTOS/Source/portable/GCC/ARM_CM4F/port.o
 .text.SVC_Handler
                0x0800c630       0x28 ./Middlewares/Third_Party/FreeRTOS/Source/portable/GCC/ARM_CM4F/port.o
                0x0800c630                SVC_Handler
 .text.prvPortStartFirstTask
                0x0800c658       0x28 ./Middlewares/Third_Party/FreeRTOS/Source/portable/GCC/ARM_CM4F/port.o
 .text.xPortStartScheduler
                0x0800c680      0x148 ./Middlewares/Third_Party/FreeRTOS/Source/portable/GCC/ARM_CM4F/port.o
                0x0800c680                xPortStartScheduler
 .text.vPortEnterCritical
                0x0800c7c8       0x64 ./Middlewares/Third_Party/FreeRTOS/Source/portable/GCC/ARM_CM4F/port.o
                0x0800c7c8                vPortEnterCritical
 .text.vPortExitCritical
                0x0800c82c       0x54 ./Middlewares/Third_Party/FreeRTOS/Source/portable/GCC/ARM_CM4F/port.o
                0x0800c82c                vPortExitCritical
 .text.PendSV_Handler
                0x0800c880       0x68 ./Middlewares/Third_Party/FreeRTOS/Source/portable/GCC/ARM_CM4F/port.o
                0x0800c880                PendSV_Handler
 .text.xPortSysTickHandler
                0x0800c8e8       0x44 ./Middlewares/Third_Party/FreeRTOS/Source/portable/GCC/ARM_CM4F/port.o
                0x0800c8e8                xPortSysTickHandler
 .text.vPortSetupTimerInterrupt
                0x0800c92c       0x48 ./Middlewares/Third_Party/FreeRTOS/Source/portable/GCC/ARM_CM4F/port.o
                0x0800c92c                vPortSetupTimerInterrupt
 .text.vPortEnableVFP
                0x0800c974       0x14 ./Middlewares/Third_Party/FreeRTOS/Source/portable/GCC/ARM_CM4F/port.o
 .text.vPortValidateInterruptPriority
                0x0800c988       0x84 ./Middlewares/Third_Party/FreeRTOS/Source/portable/GCC/ARM_CM4F/port.o
                0x0800c988                vPortValidateInterruptPriority
 .text.pvPortMalloc
                0x0800ca0c      0x19c ./Middlewares/Third_Party/FreeRTOS/Source/portable/MemMang/heap_4.o
                0x0800ca0c                pvPortMalloc
 .text.vPortFree
                0x0800cba8       0xc8 ./Middlewares/Third_Party/FreeRTOS/Source/portable/MemMang/heap_4.o
                0x0800cba8                vPortFree
 .text.prvHeapInit
                0x0800cc70       0xc4 ./Middlewares/Third_Party/FreeRTOS/Source/portable/MemMang/heap_4.o
 .text.prvInsertBlockIntoFreeList
                0x0800cd34       0xb4 ./Middlewares/Third_Party/FreeRTOS/Source/portable/MemMang/heap_4.o
 .text.sbrk_aligned
                0x0800cde8       0x44 /Applications/STM32CubeIDE.app/Contents/Eclipse/plugins/com.st.stm32cube.ide.mcu.externaltools.gnu-tools-for-stm32.13.3.rel1.macos64_1.0.0.202411102158/tools/bin/../lib/gcc/arm-none-eabi/13.3.1/../../../../arm-none-eabi/lib/thumb/v7e-m+fp/hard/libc_nano.a(libc_a-mallocr.o)
 .text._malloc_r
                0x0800ce2c      0x100 /Applications/STM32CubeIDE.app/Contents/Eclipse/plugins/com.st.stm32cube.ide.mcu.externaltools.gnu-tools-for-stm32.13.3.rel1.macos64_1.0.0.202411102158/tools/bin/../lib/gcc/arm-none-eabi/13.3.1/../../../../arm-none-eabi/lib/thumb/v7e-m+fp/hard/libc_nano.a(libc_a-mallocr.o)
                0x0800ce2c                _malloc_r
 .text.snprintf
                0x0800cf2c       0x6c /Applications/STM32CubeIDE.app/Contents/Eclipse/plugins/com.st.stm32cube.ide.mcu.externaltools.gnu-tools-for-stm32.13.3.rel1.macos64_1.0.0.202411102158/tools/bin/../lib/gcc/arm-none-eabi/13.3.1/../../../../arm-none-eabi/lib/thumb/v7e-m+fp/hard/libc_nano.a(libc_a-snprintf.o)
                0x0800cf2c                snprintf
                0x0800cf2c                sniprintf
 .text.__malloc_lock
                0x0800cf98        0xc /Applications/STM32CubeIDE.app/Contents/Eclipse/plugins/com.st.stm32cube.ide.mcu.externaltools.gnu-tools-for-stm32.13.3.rel1.macos64_1.0.0.202411102158/tools/bin/../lib/gcc/arm-none-eabi/13.3.1/../../../../arm-none-eabi/lib/thumb/v7e-m+fp/hard/libc_nano.a(libc_a-mlock.o)
                0x0800cf98                __malloc_lock
 .text.__malloc_unlock
                0x0800cfa4        0xc /Applications/STM32CubeIDE.app/Contents/Eclipse/plugins/com.st.stm32cube.ide.mcu.externaltools.gnu-tools-for-stm32.13.3.rel1.macos64_1.0.0.202411102158/tools/bin/../lib/gcc/arm-none-eabi/13.3.1/../../../../arm-none-eabi/lib/thumb/v7e-m+fp/hard/libc_nano.a(libc_a-mlock.o)
                0x0800cfa4                __malloc_unlock
 .text._vsnprintf_r
                0x0800cfb0       0x5c /Applications/STM32CubeIDE.app/Contents/Eclipse/plugins/com.st.stm32cube.ide.mcu.externaltools.gnu-tools-for-stm32.13.3.rel1.macos64_1.0.0.202411102158/tools/bin/../lib/gcc/arm-none-eabi/13.3.1/../../../../arm-none-eabi/lib/thumb/v7e-m+fp/hard/libc_nano.a(libc_a-vsnprintf.o)
                0x0800cfb0                _vsnprintf_r
                0x0800cfb0                _vsniprintf_r
 .text.vsnprintf
                0x0800d00c       0x1c /Applications/STM32CubeIDE.app/Contents/Eclipse/plugins/com.st.stm32cube.ide.mcu.externaltools.gnu-tools-for-stm32.13.3.rel1.macos64_1.0.0.202411102158/tools/bin/../lib/gcc/arm-none-eabi/13.3.1/../../../../arm-none-eabi/lib/thumb/v7e-m+fp/hard/libc_nano.a(libc_a-vsnprintf.o)
                0x0800d00c                vsnprintf
                0x0800d00c                vsniprintf
 .text._realloc_r
                0x0800d028       0x5c /Applications/STM32CubeIDE.app/Contents/Eclipse/plugins/com.st.stm32cube.ide.mcu.externaltools.gnu-tools-for-stm32.13.3.rel1.macos64_1.0.0.202411102158/tools/bin/../lib/gcc/arm-none-eabi/13.3.1/../../../../arm-none-eabi/lib/thumb/v7e-m+fp/hard/libc_nano.a(libc_a-reallocr.o)
                0x0800d028                _realloc_r
 .text.memmove  0x0800d084       0x34 /Applications/STM32CubeIDE.app/Contents/Eclipse/plugins/com.st.stm32cube.ide.mcu.externaltools.gnu-tools-for-stm32.13.3.rel1.macos64_1.0.0.202411102158/tools/bin/../lib/gcc/arm-none-eabi/13.3.1/../../../../arm-none-eabi/lib/thumb/v7e-m+fp/hard/libc_nano.a(libc_a-memmove.o)
                0x0800d084                memmove
 .text.memset   0x0800d0b8       0x10 /Applications/STM32CubeIDE.app/Contents/Eclipse/plugins/com.st.stm32cube.ide.mcu.externaltools.gnu-tools-for-stm32.13.3.rel1.macos64_1.0.0.202411102158/tools/bin/../lib/gcc/arm-none-eabi/13.3.1/../../../../arm-none-eabi/lib/thumb/v7e-m+fp/hard/libc_nano.a(libc_a-memset.o)
                0x0800d0b8                memset
 .text.strchr   0x0800d0c8       0x1a /Applications/STM32CubeIDE.app/Contents/Eclipse/plugins/com.st.stm32cube.ide.mcu.externaltools.gnu-tools-for-stm32.13.3.rel1.macos64_1.0.0.202411102158/tools/bin/../lib/gcc/arm-none-eabi/13.3.1/../../../../arm-none-eabi/lib/thumb/v7e-m+fp/hard/libc_nano.a(libc_a-strchr.o)
                0x0800d0c8                strchr
 .text.strncpy  0x0800d0e2       0x26 /Applications/STM32CubeIDE.app/Contents/Eclipse/plugins/com.st.stm32cube.ide.mcu.externaltools.gnu-tools-for-stm32.13.3.rel1.macos64_1.0.0.202411102158/tools/bin/../lib/gcc/arm-none-eabi/13.3.1/../../../../arm-none-eabi/lib/thumb/v7e-m+fp/hard/libc_nano.a(libc_a-strncpy.o)
                0x0800d0e2                strncpy
 .text.strstr   0x0800d108       0x2c /Applications/STM32CubeIDE.app/Contents/Eclipse/plugins/com.st.stm32cube.ide.mcu.externaltools.gnu-tools-for-stm32.13.3.rel1.macos64_1.0.0.202411102158/tools/bin/../lib/gcc/arm-none-eabi/13.3.1/../../../../arm-none-eabi/lib/thumb/v7e-m+fp/hard/libc_nano.a(libc_a-strstr.o)
                0x0800d108                strstr
 .text._sbrk_r  0x0800d134       0x20 /Applications/STM32CubeIDE.app/Contents/Eclipse/plugins/com.st.stm32cube.ide.mcu.externaltools.gnu-tools-for-stm32.13.3.rel1.macos64_1.0.0.202411102158/tools/bin/../lib/gcc/arm-none-eabi/13.3.1/../../../../arm-none-eabi/lib/thumb/v7e-m+fp/hard/libc_nano.a(libc_a-sbrkr.o)
                0x0800d134                _sbrk_r
 .text.__errno  0x0800d154        0xc /Applications/STM32CubeIDE.app/Contents/Eclipse/plugins/com.st.stm32cube.ide.mcu.externaltools.gnu-tools-for-stm32.13.3.rel1.macos64_1.0.0.202411102158/tools/bin/../lib/gcc/arm-none-eabi/13.3.1/../../../../arm-none-eabi/lib/thumb/v7e-m+fp/hard/libc_nano.a(libc_a-errno.o)
                0x0800d154                __errno
 .text.__libc_init_array
                0x0800d160       0x48 /Applications/STM32CubeIDE.app/Contents/Eclipse/plugins/com.st.stm32cube.ide.mcu.externaltools.gnu-tools-for-stm32.13.3.rel1.macos64_1.0.0.202411102158/tools/bin/../lib/gcc/arm-none-eabi/13.3.1/../../../../arm-none-eabi/lib/thumb/v7e-m+fp/hard/libc_nano.a(libc_a-init.o)
                0x0800d160                __libc_init_array
 .text.__retarget_lock_acquire_recursive
                0x0800d1a8        0x2 /Applications/STM32CubeIDE.app/Contents/Eclipse/plugins/com.st.stm32cube.ide.mcu.externaltools.gnu-tools-for-stm32.13.3.rel1.macos64_1.0.0.202411102158/tools/bin/../lib/gcc/arm-none-eabi/13.3.1/../../../../arm-none-eabi/lib/thumb/v7e-m+fp/hard/libc_nano.a(libc_a-lock.o)
                0x0800d1a8                __retarget_lock_acquire_recursive
 .text.__retarget_lock_release_recursive
                0x0800d1aa        0x2 /Applications/STM32CubeIDE.app/Contents/Eclipse/plugins/com.st.stm32cube.ide.mcu.externaltools.gnu-tools-for-stm32.13.3.rel1.macos64_1.0.0.202411102158/tools/bin/../lib/gcc/arm-none-eabi/13.3.1/../../../../arm-none-eabi/lib/thumb/v7e-m+fp/hard/libc_nano.a(libc_a-lock.o)
                0x0800d1aa                __retarget_lock_release_recursive
 .text.memcpy   0x0800d1ac       0x1c /Applications/STM32CubeIDE.app/Contents/Eclipse/plugins/com.st.stm32cube.ide.mcu.externaltools.gnu-tools-for-stm32.13.3.rel1.macos64_1.0.0.202411102158/tools/bin/../lib/gcc/arm-none-eabi/13.3.1/../../../../arm-none-eabi/lib/thumb/v7e-m+fp/hard/libc_nano.a(libc_a-memcpy-stub.o)
                0x0800d1ac                memcpy
 .text._free_r  0x0800d1c8       0x94 /Applications/STM32CubeIDE.app/Contents/Eclipse/plugins/com.st.stm32cube.ide.mcu.externaltools.gnu-tools-for-stm32.13.3.rel1.macos64_1.0.0.202411102158/tools/bin/../lib/gcc/arm-none-eabi/13.3.1/../../../../arm-none-eabi/lib/thumb/v7e-m+fp/hard/libc_nano.a(libc_a-freer.o)
                0x0800d1c8                _free_r
 .text.__ssputs_r
                0x0800d25c       0xb6 /Applications/STM32CubeIDE.app/Contents/Eclipse/plugins/com.st.stm32cube.ide.mcu.externaltools.gnu-tools-for-stm32.13.3.rel1.macos64_1.0.0.202411102158/tools/bin/../lib/gcc/arm-none-eabi/13.3.1/../../../../arm-none-eabi/lib/thumb/v7e-m+fp/hard/libc_nano.a(libc_a-nano-svfprintf.o)
                0x0800d25c                __ssputs_r
 *fill*         0x0800d312        0x2 
 .text._svfprintf_r
                0x0800d314      0x1f8 /Applications/STM32CubeIDE.app/Contents/Eclipse/plugins/com.st.stm32cube.ide.mcu.externaltools.gnu-tools-for-stm32.13.3.rel1.macos64_1.0.0.202411102158/tools/bin/../lib/gcc/arm-none-eabi/13.3.1/../../../../arm-none-eabi/lib/thumb/v7e-m+fp/hard/libc_nano.a(libc_a-nano-svfprintf.o)
                0x0800d314                _svfprintf_r
                0x0800d314                _svfiprintf_r
 .text._printf_common
                0x0800d50c       0xda /Applications/STM32CubeIDE.app/Contents/Eclipse/plugins/com.st.stm32cube.ide.mcu.externaltools.gnu-tools-for-stm32.13.3.rel1.macos64_1.0.0.202411102158/tools/bin/../lib/gcc/arm-none-eabi/13.3.1/../../../../arm-none-eabi/lib/thumb/v7e-m+fp/hard/libc_nano.a(libc_a-nano-vfprintf_i.o)
                0x0800d50c                _printf_common
 *fill*         0x0800d5e6        0x2 
 .text._printf_i
                0x0800d5e8      0x23c /Applications/STM32CubeIDE.app/Contents/Eclipse/plugins/com.st.stm32cube.ide.mcu.externaltools.gnu-tools-for-stm32.13.3.rel1.macos64_1.0.0.202411102158/tools/bin/../lib/gcc/arm-none-eabi/13.3.1/../../../../arm-none-eabi/lib/thumb/v7e-m+fp/hard/libc_nano.a(libc_a-nano-vfprintf_i.o)
                0x0800d5e8                _printf_i
 .text._malloc_usable_size_r
                0x0800d824       0x10 /Applications/STM32CubeIDE.app/Contents/Eclipse/plugins/com.st.stm32cube.ide.mcu.externaltools.gnu-tools-for-stm32.13.3.rel1.macos64_1.0.0.202411102158/tools/bin/../lib/gcc/arm-none-eabi/13.3.1/../../../../arm-none-eabi/lib/thumb/v7e-m+fp/hard/libc_nano.a(libc_a-msizer.o)
                0x0800d824                _malloc_usable_size_r
 *(.glue_7)
 .glue_7        0x0800d834        0x0 linker stubs
 *(.glue_7t)
 .glue_7t       0x0800d834        0x0 linker stubs
 *(.eh_frame)
 .eh_frame      0x0800d834        0x0 /Applications/STM32CubeIDE.app/Contents/Eclipse/plugins/com.st.stm32cube.ide.mcu.externaltools.gnu-tools-for-stm32.13.3.rel1.macos64_1.0.0.202411102158/tools/bin/../lib/gcc/arm-none-eabi/13.3.1/thumb/v7e-m+fp/hard/crtbegin.o
 *(.init)
 .init          0x0800d834        0x4 /Applications/STM32CubeIDE.app/Contents/Eclipse/plugins/com.st.stm32cube.ide.mcu.externaltools.gnu-tools-for-stm32.13.3.rel1.macos64_1.0.0.202411102158/tools/bin/../lib/gcc/arm-none-eabi/13.3.1/thumb/v7e-m+fp/hard/crti.o
                0x0800d834                _init
 .init          0x0800d838        0x8 /Applications/STM32CubeIDE.app/Contents/Eclipse/plugins/com.st.stm32cube.ide.mcu.externaltools.gnu-tools-for-stm32.13.3.rel1.macos64_1.0.0.202411102158/tools/bin/../lib/gcc/arm-none-eabi/13.3.1/thumb/v7e-m+fp/hard/crtn.o
 *(.fini)
 .fini          0x0800d840        0x4 /Applications/STM32CubeIDE.app/Contents/Eclipse/plugins/com.st.stm32cube.ide.mcu.externaltools.gnu-tools-for-stm32.13.3.rel1.macos64_1.0.0.202411102158/tools/bin/../lib/gcc/arm-none-eabi/13.3.1/thumb/v7e-m+fp/hard/crti.o
                0x0800d840                _fini
 .fini          0x0800d844        0x8 /Applications/STM32CubeIDE.app/Contents/Eclipse/plugins/com.st.stm32cube.ide.mcu.externaltools.gnu-tools-for-stm32.13.3.rel1.macos64_1.0.0.202411102158/tools/bin/../lib/gcc/arm-none-eabi/13.3.1/thumb/v7e-m+fp/hard/crtn.o
                0x0800d84c                        . = ALIGN (0x4)
                0x0800d84c                        _etext = .

.vfp11_veneer   0x0800d84c        0x0
 .vfp11_veneer  0x0800d84c        0x0 linker stubs

.v4_bx          0x0800d84c        0x0
 .v4_bx         0x0800d84c        0x0 linker stubs

.iplt           0x0800d84c        0x0
 .iplt          0x0800d84c        0x0 /Applications/STM32CubeIDE.app/Contents/Eclipse/plugins/com.st.stm32cube.ide.mcu.externaltools.gnu-tools-for-stm32.13.3.rel1.macos64_1.0.0.202411102158/tools/bin/../lib/gcc/arm-none-eabi/13.3.1/thumb/v7e-m+fp/hard/crtbegin.o

.rodata         0x0800d84c     0x16d4
                0x0800d84c                        . = ALIGN (0x4)
 *(.rodata)
 .rodata        0x0800d84c       0xad ./Core/Src/app_modbus_payload.o
 *fill*         0x0800d8f9        0x3 
 .rodata        0x0800d8fc      0x43d ./Core/Src/main.o
 *fill*         0x0800dd39        0x3 
 .rodata        0x0800dd3c      0x7e0 ./Core/Src/modem_handler.o
 .rodata        0x0800e51c      0x72d ./Core/Src/mqtt_handler.o
 *fill*         0x0800ec49        0x3 
 .rodata        0x0800ec4c       0xe1 ./Core/Src/rtc_manager.o
 *fill*         0x0800ed2d        0x3 
 .rodata        0x0800ed30        0x5 ./Middlewares/Third_Party/FreeRTOS/Source/tasks.o
 *fill*         0x0800ed35        0x3 
 .rodata        0x0800ed38        0xd ./Middlewares/Third_Party/FreeRTOS/Source/timers.o
 *(.rodata*)
 *fill*         0x0800ed45        0x3 
 .rodata.g_dis  0x0800ed48       0x38 ./Core/Src/app_board_io.o
 .rodata.defaultTask_attributes
                0x0800ed80       0x24 ./Core/Src/main.o
                0x0800ed80                defaultTask_attributes
 .rodata.ModbusTask_attributes
                0x0800eda4       0x24 ./Core/Src/main.o
                0x0800eda4                ModbusTask_attributes
 .rodata.crlf.0
                0x0800edc8        0x2 ./Core/Src/modem_handler.o
 *fill*         0x0800edca        0x2 
 .rodata.AHBPrescTable
                0x0800edcc       0x10 ./Core/Src/system_stm32f4xx.o
                0x0800edcc                AHBPrescTable
 .rodata.APBPrescTable
                0x0800eddc        0x8 ./Core/Src/system_stm32f4xx.o
                0x0800eddc                APBPrescTable
 .rodata.flagBitshiftOffset.0
                0x0800ede4        0x8 ./Drivers/STM32F4xx_HAL_Driver/Src/stm32f4xx_hal_dma.o
 .rodata._ctype_
                0x0800edec      0x101 /Applications/STM32CubeIDE.app/Contents/Eclipse/plugins/com.st.stm32cube.ide.mcu.externaltools.gnu-tools-for-stm32.13.3.rel1.macos64_1.0.0.202411102158/tools/bin/../lib/gcc/arm-none-eabi/13.3.1/../../../../arm-none-eabi/lib/thumb/v7e-m+fp/hard/libc_nano.a(libc_a-ctype_.o)
                0x0800edec                _ctype_
 .rodata._svfprintf_r.str1.1
                0x0800eeed       0x33 /Applications/STM32CubeIDE.app/Contents/Eclipse/plugins/com.st.stm32cube.ide.mcu.externaltools.gnu-tools-for-stm32.13.3.rel1.macos64_1.0.0.202411102158/tools/bin/../lib/gcc/arm-none-eabi/13.3.1/../../../../arm-none-eabi/lib/thumb/v7e-m+fp/hard/libc_nano.a(libc_a-nano-svfprintf.o)
                                 0x11 (size before relaxing)
 .rodata._printf_i.str1.1
                0x0800ef20       0x22 /Applications/STM32CubeIDE.app/Contents/Eclipse/plugins/com.st.stm32cube.ide.mcu.externaltools.gnu-tools-for-stm32.13.3.rel1.macos64_1.0.0.202411102158/tools/bin/../lib/gcc/arm-none-eabi/13.3.1/../../../../arm-none-eabi/lib/thumb/v7e-m+fp/hard/libc_nano.a(libc_a-nano-vfprintf_i.o)
                0x0800ef44                        . = ALIGN (0x4)

.ARM.extab      0x0800ef20        0x0
                0x0800ef20                        . = ALIGN (0x4)
 *(.ARM.extab* .gnu.linkonce.armextab.*)
                0x0800ef20                        . = ALIGN (0x4)

.ARM            0x0800ef20        0x8
                0x0800ef20                        . = ALIGN (0x4)
                0x0800ef20                        __exidx_start = .
 *(.ARM.exidx*)
 .ARM.exidx     0x0800ef20        0x8 /Applications/STM32CubeIDE.app/Contents/Eclipse/plugins/com.st.stm32cube.ide.mcu.externaltools.gnu-tools-for-stm32.13.3.rel1.macos64_1.0.0.202411102158/tools/bin/../lib/gcc/arm-none-eabi/13.3.1/../../../../arm-none-eabi/lib/thumb/v7e-m+fp/hard/libc_nano.a(libc_a-strcmp.o)
 .ARM.exidx     0x0800ef28        0x0 /Applications/STM32CubeIDE.app/Contents/Eclipse/plugins/com.st.stm32cube.ide.mcu.externaltools.gnu-tools-for-stm32.13.3.rel1.macos64_1.0.0.202411102158/tools/bin/../lib/gcc/arm-none-eabi/13.3.1/../../../../arm-none-eabi/lib/thumb/v7e-m+fp/hard/libc_nano.a(libc_a-strlen.o)
                                  0x8 (size before relaxing)
 .ARM.exidx     0x0800ef28        0x0 /Applications/STM32CubeIDE.app/Contents/Eclipse/plugins/com.st.stm32cube.ide.mcu.externaltools.gnu-tools-for-stm32.13.3.rel1.macos64_1.0.0.202411102158/tools/bin/../lib/gcc/arm-none-eabi/13.3.1/../../../../arm-none-eabi/lib/thumb/v7e-m+fp/hard/libc_nano.a(libc_a-memchr.o)
                                  0x8 (size before relaxing)
 .ARM.exidx     0x0800ef28        0x0 /Applications/STM32CubeIDE.app/Contents/Eclipse/plugins/com.st.stm32cube.ide.mcu.externaltools.gnu-tools-for-stm32.13.3.rel1.macos64_1.0.0.202411102158/tools/bin/../lib/gcc/arm-none-eabi/13.3.1/thumb/v7e-m+fp/hard/libgcc.a(_udivmoddi4.o)
                                  0x8 (size before relaxing)
                0x0800ef28                        __exidx_end = .
                0x0800ef28                        . = ALIGN (0x4)

.preinit_array  0x0800ef28        0x0
                0x0800ef28                        . = ALIGN (0x4)
                0x0800ef28                        PROVIDE (__preinit_array_start = .)
 *(.preinit_array*)
                0x0800ef28                        PROVIDE (__preinit_array_end = .)
                0x0800ef28                        . = ALIGN (0x4)

.init_array     0x0800ef28        0x4
                0x0800ef28                        . = ALIGN (0x4)
                0x0800ef28                        PROVIDE (__init_array_start = .)
 *(SORT_BY_NAME(.init_array.*))
 *(.init_array*)
 .init_array    0x0800ef28        0x4 /Applications/STM32CubeIDE.app/Contents/Eclipse/plugins/com.st.stm32cube.ide.mcu.externaltools.gnu-tools-for-stm32.13.3.rel1.macos64_1.0.0.202411102158/tools/bin/../lib/gcc/arm-none-eabi/13.3.1/thumb/v7e-m+fp/hard/crtbegin.o
                0x0800ef2c                        PROVIDE (__init_array_end = .)
                0x0800ef2c                        . = ALIGN (0x4)

.fini_array     0x0800ef2c        0x4
                0x0800ef2c                        . = ALIGN (0x4)
                [!provide]                        PROVIDE (__fini_array_start = .)
 *(SORT_BY_NAME(.fini_array.*))
 *(.fini_array*)
 .fini_array    0x0800ef2c        0x4 /Applications/STM32CubeIDE.app/Contents/Eclipse/plugins/com.st.stm32cube.ide.mcu.externaltools.gnu-tools-for-stm32.13.3.rel1.macos64_1.0.0.202411102158/tools/bin/../lib/gcc/arm-none-eabi/13.3.1/thumb/v7e-m+fp/hard/crtbegin.o
                [!provide]                        PROVIDE (__fini_array_end = .)
                0x0800ef30                        . = ALIGN (0x4)
                0x0800ef30                        _sidata = LOADADDR (.data)

.rel.dyn        0x0800ef30        0x0
 .rel.iplt      0x0800ef30        0x0 /Applications/STM32CubeIDE.app/Contents/Eclipse/plugins/com.st.stm32cube.ide.mcu.externaltools.gnu-tools-for-stm32.13.3.rel1.macos64_1.0.0.202411102158/tools/bin/../lib/gcc/arm-none-eabi/13.3.1/thumb/v7e-m+fp/hard/crtbegin.o

.data           0x20000000       0x60 load address 0x0800ef30
                0x20000000                        . = ALIGN (0x4)
                0x20000000                        _sdata = .
 *(.data)
 *(.data*)
 .data.SystemCoreClock
                0x20000000        0x4 ./Core/Src/system_stm32f4xx.o
                0x20000000                SystemCoreClock
 .data.uwTickPrio
                0x20000004        0x4 ./Drivers/STM32F4xx_HAL_Driver/Src/stm32f4xx_hal.o
                0x20000004                uwTickPrio
 .data.uwTickFreq
                0x20000008        0x1 ./Drivers/STM32F4xx_HAL_Driver/Src/stm32f4xx_hal.o
                0x20000008                uwTickFreq
 *fill*         0x20000009        0x3 
 .data.uxCriticalNesting
                0x2000000c        0x4 ./Middlewares/Third_Party/FreeRTOS/Source/portable/GCC/ARM_CM4F/port.o
 .data._impure_ptr
                0x20000010        0x4 /Applications/STM32CubeIDE.app/Contents/Eclipse/plugins/com.st.stm32cube.ide.mcu.externaltools.gnu-tools-for-stm32.13.3.rel1.macos64_1.0.0.202411102158/tools/bin/../lib/gcc/arm-none-eabi/13.3.1/../../../../arm-none-eabi/lib/thumb/v7e-m+fp/hard/libc_nano.a(libc_a-impure.o)
                0x20000010                _impure_ptr
 .data._impure_data
                0x20000014       0x4c /Applications/STM32CubeIDE.app/Contents/Eclipse/plugins/com.st.stm32cube.ide.mcu.externaltools.gnu-tools-for-stm32.13.3.rel1.macos64_1.0.0.202411102158/tools/bin/../lib/gcc/arm-none-eabi/13.3.1/../../../../arm-none-eabi/lib/thumb/v7e-m+fp/hard/libc_nano.a(libc_a-impure.o)
                0x20000014                _impure_data
 *(.RamFunc)
 *(.RamFunc*)
                0x20000060                        . = ALIGN (0x4)
                0x20000060                        _edata = .
                0x0800ef90                        _siccmram = LOADADDR (.ccmram)

.igot.plt       0x20000060        0x0 load address 0x0800ef90
 .igot.plt      0x20000060        0x0 /Applications/STM32CubeIDE.app/Contents/Eclipse/plugins/com.st.stm32cube.ide.mcu.externaltools.gnu-tools-for-stm32.13.3.rel1.macos64_1.0.0.202411102158/tools/bin/../lib/gcc/arm-none-eabi/13.3.1/thumb/v7e-m+fp/hard/crtbegin.o

.ccmram         0x10000000        0x0 load address 0x0800ef90
                0x10000000                        . = ALIGN (0x4)
                0x10000000                        _sccmram = .
 *(.ccmram)
 *(.ccmram*)
                0x10000000                        . = ALIGN (0x4)
                0x10000000                        _eccmram = .
                0x10000000                        . = ALIGN (0x4)

.bss            0x20000060     0x95c8
                0x20000060                        _sbss = .
                0x20000060                        __bss_start__ = _sbss
 *(.bss)
 .bss           0x20000060       0x1c /Applications/STM32CubeIDE.app/Contents/Eclipse/plugins/com.st.stm32cube.ide.mcu.externaltools.gnu-tools-for-stm32.13.3.rel1.macos64_1.0.0.202411102158/tools/bin/../lib/gcc/arm-none-eabi/13.3.1/thumb/v7e-m+fp/hard/crtbegin.o
 *(.bss*)
 .bss.s_hadc    0x2000007c        0x4 ./Core/Src/app_board_io.o
 .bss.s_cfg     0x20000080      0xbec ./Core/Src/app_modbus_payload.o
 .bss.s_cfg_valid
                0x20000c6c        0x1 ./Core/Src/app_modbus_payload.o
 *fill*         0x20000c6d        0x3 
 .bss.s_mbm     0x20000c70        0x4 ./Core/Src/app_modbus_payload.o
 .bss.g_payload_json
                0x20000c74      0x800 ./Core/Src/app_modbus_payload.o
 .bss.g_mb_regs
                0x20001474       0xfa ./Core/Src/app_modbus_payload.o
 *fill*         0x2000156e        0x2 
 .bss.dbg_huart
                0x20001570        0x4 ./Core/Src/debug_uart.o
 .bss.topic_d2c_telemetry
                0x20001574       0x40 ./Core/Src/main.o
                0x20001574                topic_d2c_telemetry
 .bss.topic_c2d_commands
                0x200015b4       0x40 ./Core/Src/main.o
                0x200015b4                topic_c2d_commands
 .bss.topic_d2c_message
                0x200015f4       0x40 ./Core/Src/main.o
                0x200015f4                topic_d2c_message
 .bss.topic_d2c_logs
                0x20001634       0x40 ./Core/Src/main.o
                0x20001634                topic_d2c_logs
 .bss.g_u2rx    0x20001674     0x3010 ./Core/Src/main.o
                0x20001674                g_u2rx
 .bss.hadc1     0x20004684       0x48 ./Core/Src/main.o
                0x20004684                hadc1
 .bss.hrtc      0x200046cc       0x20 ./Core/Src/main.o
                0x200046cc                hrtc
 .bss.hspi1     0x200046ec       0x58 ./Core/Src/main.o
                0x200046ec                hspi1
 .bss.huart1    0x20004744       0x48 ./Core/Src/main.o
                0x20004744                huart1
 .bss.huart3    0x2000478c       0x48 ./Core/Src/main.o
                0x2000478c                huart3
 .bss.huart6    0x200047d4       0x48 ./Core/Src/main.o
                0x200047d4                huart6
 .bss.hdma_usart3_rx
                0x2000481c       0x60 ./Core/Src/main.o
                0x2000481c                hdma_usart3_rx
 .bss.hdma_usart6_rx
                0x2000487c       0x60 ./Core/Src/main.o
                0x2000487c                hdma_usart6_rx
 .bss.hdma_usart6_tx
                0x200048dc       0x60 ./Core/Src/main.o
                0x200048dc                hdma_usart6_tx
 .bss.defaultTaskHandle
                0x2000493c        0x4 ./Core/Src/main.o
                0x2000493c                defaultTaskHandle
 .bss.ModbusTaskHandle
                0x20004940        0x4 ./Core/Src/main.o
                0x20004940                ModbusTaskHandle
 .bss.u2RxSemHandle
                0x20004944        0x4 ./Core/Src/main.o
                0x20004944                u2RxSemHandle
 .bss.g_mbm     0x20004948       0x14 ./Core/Src/main.o
 .bss.s_flash   0x2000495c        0xc ./Core/Src/main.o
 .bss.at_rx_buf
                0x20004968      0x200 ./Core/Src/modem_handler.o
 .bss.at_rx_len
                0x20004b68        0x2 ./Core/Src/modem_handler.o
 .bss.at_rx_active
                0x20004b6a        0x1 ./Core/Src/modem_handler.o
 *fill*         0x20004b6b        0x1 
 .bss.imei      0x20004b6c       0x14 ./Core/Src/modem_handler.o
                0x20004b6c                imei
 .bss.g_at_mutex
                0x20004b80        0x4 ./Core/Src/modem_handler.o
 .bss.lastMQTTSuccessTime
                0x20004b84        0x4 ./Core/Src/mqtt_handler.o
                0x20004b84                lastMQTTSuccessTime
 .bss.__sbrk_heap_end
                0x20004b88        0x4 ./Core/Src/sysmem.o
 .bss.uwTick    0x20004b8c        0x4 ./Drivers/STM32F4xx_HAL_Driver/Src/stm32f4xx_hal.o
                0x20004b8c                uwTick
 .bss.KernelState
                0x20004b90        0x4 ./Middlewares/Third_Party/FreeRTOS/Source/CMSIS_RTOS_V2/cmsis_os2.o
 .bss.Idle_TCB.3
                0x20004b94       0x5c ./Middlewares/Third_Party/FreeRTOS/Source/CMSIS_RTOS_V2/cmsis_os2.o
 .bss.Idle_Stack.2
                0x20004bf0      0x200 ./Middlewares/Third_Party/FreeRTOS/Source/CMSIS_RTOS_V2/cmsis_os2.o
 .bss.Timer_TCB.1
                0x20004df0       0x5c ./Middlewares/Third_Party/FreeRTOS/Source/CMSIS_RTOS_V2/cmsis_os2.o
 .bss.Timer_Stack.0
                0x20004e4c      0x400 ./Middlewares/Third_Party/FreeRTOS/Source/CMSIS_RTOS_V2/cmsis_os2.o
 .bss.xQueueRegistry
                0x2000524c       0x40 ./Middlewares/Third_Party/FreeRTOS/Source/queue.o
                0x2000524c                xQueueRegistry
 .bss.pxCurrentTCB
                0x2000528c        0x4 ./Middlewares/Third_Party/FreeRTOS/Source/tasks.o
                0x2000528c                pxCurrentTCB
 .bss.pxReadyTasksLists
                0x20005290      0x460 ./Middlewares/Third_Party/FreeRTOS/Source/tasks.o
 .bss.xDelayedTaskList1
                0x200056f0       0x14 ./Middlewares/Third_Party/FreeRTOS/Source/tasks.o
 .bss.xDelayedTaskList2
                0x20005704       0x14 ./Middlewares/Third_Party/FreeRTOS/Source/tasks.o
 .bss.pxDelayedTaskList
                0x20005718        0x4 ./Middlewares/Third_Party/FreeRTOS/Source/tasks.o
 .bss.pxOverflowDelayedTaskList
                0x2000571c        0x4 ./Middlewares/Third_Party/FreeRTOS/Source/tasks.o
 .bss.xPendingReadyList
                0x20005720       0x14 ./Middlewares/Third_Party/FreeRTOS/Source/tasks.o
 .bss.xTasksWaitingTermination
                0x20005734       0x14 ./Middlewares/Third_Party/FreeRTOS/Source/tasks.o
 .bss.uxDeletedTasksWaitingCleanUp
                0x20005748        0x4 ./Middlewares/Third_Party/FreeRTOS/Source/tasks.o
 .bss.xSuspendedTaskList
                0x2000574c       0x14 ./Middlewares/Third_Party/FreeRTOS/Source/tasks.o
 .bss.uxCurrentNumberOfTasks
                0x20005760        0x4 ./Middlewares/Third_Party/FreeRTOS/Source/tasks.o
 .bss.xTickCount
                0x20005764        0x4 ./Middlewares/Third_Party/FreeRTOS/Source/tasks.o
 .bss.uxTopReadyPriority
                0x20005768        0x4 ./Middlewares/Third_Party/FreeRTOS/Source/tasks.o
 .bss.xSchedulerRunning
                0x2000576c        0x4 ./Middlewares/Third_Party/FreeRTOS/Source/tasks.o
 .bss.xPendedTicks
                0x20005770        0x4 ./Middlewares/Third_Party/FreeRTOS/Source/tasks.o
 .bss.xYieldPending
                0x20005774        0x4 ./Middlewares/Third_Party/FreeRTOS/Source/tasks.o
 .bss.xNumOfOverflows
                0x20005778        0x4 ./Middlewares/Third_Party/FreeRTOS/Source/tasks.o
 .bss.uxTaskNumber
                0x2000577c        0x4 ./Middlewares/Third_Party/FreeRTOS/Source/tasks.o
 .bss.xNextTaskUnblockTime
                0x20005780        0x4 ./Middlewares/Third_Party/FreeRTOS/Source/tasks.o
 .bss.xIdleTaskHandle
                0x20005784        0x4 ./Middlewares/Third_Party/FreeRTOS/Source/tasks.o
 .bss.uxSchedulerSuspended
                0x20005788        0x4 ./Middlewares/Third_Party/FreeRTOS/Source/tasks.o
 .bss.xActiveTimerList1
                0x2000578c       0x14 ./Middlewares/Third_Party/FreeRTOS/Source/timers.o
 .bss.xActiveTimerList2
                0x200057a0       0x14 ./Middlewares/Third_Party/FreeRTOS/Source/timers.o
 .bss.pxCurrentTimerList
                0x200057b4        0x4 ./Middlewares/Third_Party/FreeRTOS/Source/timers.o
 .bss.pxOverflowTimerList
                0x200057b8        0x4 ./Middlewares/Third_Party/FreeRTOS/Source/timers.o
 .bss.xTimerQueue
                0x200057bc        0x4 ./Middlewares/Third_Party/FreeRTOS/Source/timers.o
 .bss.xTimerTaskHandle
                0x200057c0        0x4 ./Middlewares/Third_Party/FreeRTOS/Source/timers.o
 .bss.xLastTime.2
                0x200057c4        0x4 ./Middlewares/Third_Party/FreeRTOS/Source/timers.o
 .bss.ucStaticTimerQueueStorage.1
                0x200057c8       0xa0 ./Middlewares/Third_Party/FreeRTOS/Source/timers.o
 .bss.xStaticTimerQueue.0
                0x20005868       0x50 ./Middlewares/Third_Party/FreeRTOS/Source/timers.o
 .bss.ucMaxSysCallPriority
                0x200058b8        0x1 ./Middlewares/Third_Party/FreeRTOS/Source/portable/GCC/ARM_CM4F/port.o
 *fill*         0x200058b9        0x3 
 .bss.ulMaxPRIGROUPValue
                0x200058bc        0x4 ./Middlewares/Third_Party/FreeRTOS/Source/portable/GCC/ARM_CM4F/port.o
 .bss.ucHeap    0x200058c0     0x3c00 ./Middlewares/Third_Party/FreeRTOS/Source/portable/MemMang/heap_4.o
 .bss.xStart    0x200094c0        0x8 ./Middlewares/Third_Party/FreeRTOS/Source/portable/MemMang/heap_4.o
 .bss.pxEnd     0x200094c8        0x4 ./Middlewares/Third_Party/FreeRTOS/Source/portable/MemMang/heap_4.o
 .bss.xFreeBytesRemaining
                0x200094cc        0x4 ./Middlewares/Third_Party/FreeRTOS/Source/portable/MemMang/heap_4.o
 .bss.xMinimumEverFreeBytesRemaining
                0x200094d0        0x4 ./Middlewares/Third_Party/FreeRTOS/Source/portable/MemMang/heap_4.o
 .bss.xNumberOfSuccessfulAllocations
                0x200094d4        0x4 ./Middlewares/Third_Party/FreeRTOS/Source/portable/MemMang/heap_4.o
 .bss.xNumberOfSuccessfulFrees
                0x200094d8        0x4 ./Middlewares/Third_Party/FreeRTOS/Source/portable/MemMang/heap_4.o
 .bss.xBlockAllocatedBit
                0x200094dc        0x4 ./Middlewares/Third_Party/FreeRTOS/Source/portable/MemMang/heap_4.o
 .bss.__malloc_sbrk_start
                0x200094e0        0x4 /Applications/STM32CubeIDE.app/Contents/Eclipse/plugins/com.st.stm32cube.ide.mcu.externaltools.gnu-tools-for-stm32.13.3.rel1.macos64_1.0.0.202411102158/tools/bin/../lib/gcc/arm-none-eabi/13.3.1/../../../../arm-none-eabi/lib/thumb/v7e-m+fp/hard/libc_nano.a(libc_a-mallocr.o)
                0x200094e0                __malloc_sbrk_start
 .bss.__malloc_free_list
                0x200094e4        0x4 /Applications/STM32CubeIDE.app/Contents/Eclipse/plugins/com.st.stm32cube.ide.mcu.externaltools.gnu-tools-for-stm32.13.3.rel1.macos64_1.0.0.202411102158/tools/bin/../lib/gcc/arm-none-eabi/13.3.1/../../../../arm-none-eabi/lib/thumb/v7e-m+fp/hard/libc_nano.a(libc_a-mallocr.o)
                0x200094e4                __malloc_free_list
 .bss.__sf      0x200094e8      0x138 /Applications/STM32CubeIDE.app/Contents/Eclipse/plugins/com.st.stm32cube.ide.mcu.externaltools.gnu-tools-for-stm32.13.3.rel1.macos64_1.0.0.202411102158/tools/bin/../lib/gcc/arm-none-eabi/13.3.1/../../../../arm-none-eabi/lib/thumb/v7e-m+fp/hard/libc_nano.a(libc_a-findfp.o)
                0x200094e8                __sf
 .bss.__lock___malloc_recursive_mutex
                0x20009620        0x1 /Applications/STM32CubeIDE.app/Contents/Eclipse/plugins/com.st.stm32cube.ide.mcu.externaltools.gnu-tools-for-stm32.13.3.rel1.macos64_1.0.0.202411102158/tools/bin/../lib/gcc/arm-none-eabi/13.3.1/../../../../arm-none-eabi/lib/thumb/v7e-m+fp/hard/libc_nano.a(libc_a-lock.o)
                0x20009620                __lock___malloc_recursive_mutex
 *fill*         0x20009621        0x3 
 .bss.errno     0x20009624        0x4 /Applications/STM32CubeIDE.app/Contents/Eclipse/plugins/com.st.stm32cube.ide.mcu.externaltools.gnu-tools-for-stm32.13.3.rel1.macos64_1.0.0.202411102158/tools/bin/../lib/gcc/arm-none-eabi/13.3.1/../../../../arm-none-eabi/lib/thumb/v7e-m+fp/hard/libc_nano.a(libc_a-reent.o)
                0x20009624                errno
 *(COMMON)
                0x20009628                        . = ALIGN (0x4)
                0x20009628                        _ebss = .
                0x20009628                        __bss_end__ = _ebss

._user_heap_stack
                0x20009628      0x600
                0x20009628                        . = ALIGN (0x8)
                [!provide]                        PROVIDE (end = .)
                0x20009628                        PROVIDE (_end = .)
                0x20009828                        . = (. + _Min_Heap_Size)
 *fill*         0x20009628      0x200 
                0x20009c28                        . = (. + _Min_Stack_Size)
 *fill*         0x20009828      0x400 
                0x20009c28                        . = ALIGN (0x8)

/DISCARD/
 libc.a(*)
 libm.a(*)
 libgcc.a(*)

.ARM.attributes
                0x00000000       0x30
 *(.ARM.attributes)
 .ARM.attributes
                0x00000000       0x22 /Applications/STM32CubeIDE.app/Contents/Eclipse/plugins/com.st.stm32cube.ide.mcu.externaltools.gnu-tools-for-stm32.13.3.rel1.macos64_1.0.0.202411102158/tools/bin/../lib/gcc/arm-none-eabi/13.3.1/thumb/v7e-m+fp/hard/crti.o
 .ARM.attributes
                0x00000022       0x34 /Applications/STM32CubeIDE.app/Contents/Eclipse/plugins/com.st.stm32cube.ide.mcu.externaltools.gnu-tools-for-stm32.13.3.rel1.macos64_1.0.0.202411102158/tools/bin/../lib/gcc/arm-none-eabi/13.3.1/thumb/v7e-m+fp/hard/crtbegin.o
 .ARM.attributes
                0x00000056       0x34 ./Core/Src/app_board_io.o
 .ARM.attributes
                0x0000008a       0x34 ./Core/Src/app_modbus_payload.o
 .ARM.attributes
                0x000000be       0x34 ./Core/Src/debug_uart.o
 .ARM.attributes
                0x000000f2       0x34 ./Core/Src/main.o
 .ARM.attributes
                0x00000126       0x34 ./Core/Src/modbus_config_flash.o
 .ARM.attributes